
> richiesta-assistenza-backend@6.1.0 build
> tsc || echo 'Build completed with errors'

src/config/whatsapp-accounts.config.ts(1,37): error TS2307: Cannot find module '../services/multi-account-whatsapp.service' or its corresponding type declarations.
src/controllers/testController.ts(38,9): error TS2345: Argument of type 'number' is not assignable to parameter of type 'string'.
src/controllers/testController.ts(76,9): error TS2345: Argument of type 'number' is not assignable to parameter of type 'string'.
src/controllers/testController.ts(114,9): error TS2345: Argument of type 'number' is not assignable to parameter of type 'string'.
src/middleware/compression.ts(19,7): error TS2353: Object literal may only specify known properties, and 'zlib' does not exist in type 'BrotliOptions'.
src/middleware/compression.ts(46,42): error TS2339: Property 'includes' does not exist on type 'string | number | string[]'.
  Property 'includes' does not exist on type 'number'.
src/middleware/security.ts(265,23): error TS2339: Property 'rateLimit' does not exist on type 'Request<ParamsDictionary, any, any, ParsedQs, Record<string, any>>'.
src/middleware/security.ts(285,23): error TS2339: Property 'rateLimit' does not exist on type 'Request<ParamsDictionary, any, any, ParsedQs, Record<string, any>>'.
src/routes/address.routes.ts(25,11): error TS2430: Interface 'AuthRequest' incorrectly extends interface 'Request<ParamsDictionary, any, any, ParsedQs, Record<string, any>>'.
  Types of property 'user' are incompatible.
    Type 'UserPayload' is missing the following properties from type '{ phone: string; id: string; status: string; latitude: number; longitude: number; createdAt: Date; updatedAt: Date; address: string; city: string; province: string; postalCode: string; ... 51 more ...; referralCode: string; }': phone, status, latitude, longitude, and 56 more.
src/routes/address.routes.ts(65,58): error TS2345: Argument of type '{ code: string; }' is not assignable to parameter of type 'string'.
src/routes/address.routes.ts(83,61): error TS2345: Argument of type '{ code: string; }' is not assignable to parameter of type 'string'.
src/routes/address.routes.ts(95,66): error TS2345: Argument of type '{ error: string; }' is not assignable to parameter of type 'string'.
src/routes/address.routes.ts(112,58): error TS2345: Argument of type '{ code: string; }' is not assignable to parameter of type 'string'.
src/routes/address.routes.ts(183,73): error TS2345: Argument of type '{ error: string; }' is not assignable to parameter of type 'string'.
src/routes/address.routes.ts(202,58): error TS2345: Argument of type '{ code: string; }' is not assignable to parameter of type 'string'.
src/routes/address.routes.ts(209,89): error TS2345: Argument of type '{ code: string; }' is not assignable to parameter of type 'string'.
src/routes/address.routes.ts(235,61): error TS2345: Argument of type '{ code: string; }' is not assignable to parameter of type 'string'.
src/routes/address.routes.ts(263,73): error TS2345: Argument of type '{ error: string; }' is not assignable to parameter of type 'string'.
src/routes/address.routes.ts(282,58): error TS2345: Argument of type '{ code: string; }' is not assignable to parameter of type 'string'.
src/routes/address.routes.ts(291,13): error TS2345: Argument of type '{ code: string; }' is not assignable to parameter of type 'string'.
src/routes/address.routes.ts(430,80): error TS2345: Argument of type '{ error: string; }' is not assignable to parameter of type 'string'.
src/routes/address.routes.ts(452,60): error TS2345: Argument of type '{ code: string; }' is not assignable to parameter of type 'string'.
src/routes/address.routes.ts(461,15): error TS2345: Argument of type '{ code: string; }' is not assignable to parameter of type 'string'.
src/routes/address.routes.ts(484,68): error TS2345: Argument of type '{ error: string; }' is not assignable to parameter of type 'string'.
src/routes/admin-simple.routes.ts(64,7): error TS2345: Argument of type 'number' is not assignable to parameter of type 'string'.
src/routes/admin-users.routes.ts(187,25): error TS2339: Property '_count' does not exist on type '{ phone: string; id: string; status: string; latitude: number; longitude: number; createdAt: Date; updatedAt: Date; address: string; city: string; province: string; postalCode: string; ... 51 more ...; referralCode: string; }'.
src/routes/admin-users.routes.ts(188,27): error TS2339: Property '_count' does not exist on type '{ phone: string; id: string; status: string; latitude: number; longitude: number; createdAt: Date; updatedAt: Date; address: string; city: string; province: string; postalCode: string; ... 51 more ...; referralCode: string; }'.
src/routes/admin-users.routes.ts(220,50): error TS2345: Argument of type '{ phone?: string; address?: string; city?: string; province?: string; postalCode?: string; email?: string; username?: string; password?: string; firstName?: string; lastName?: string; role?: "SUPER_ADMIN" | "ADMIN" | "PROFESSIONAL" | "CLIENT"; ... 7 more ...; sendWelcomeEmail?: boolean; }' is not assignable to parameter of type 'UserCreateData'.
  Property 'email' is optional in type '{ phone?: string; address?: string; city?: string; province?: string; postalCode?: string; email?: string; username?: string; password?: string; firstName?: string; lastName?: string; role?: "SUPER_ADMIN" | "ADMIN" | "PROFESSIONAL" | "CLIENT"; ... 7 more ...; sendWelcomeEmail?: boolean; }' but required in type 'UserCreateData'.
src/routes/admin/api-keys.routes.ts(26,50): error TS2345: Argument of type 'string' is not assignable to parameter of type '"STRIPE" | "whatsapp" | "GOOGLE_MAPS" | "BREVO" | "OPENAI" | "TINYMCE" | "STRIPE_PUBLIC" | "STRIPE_WEBHOOK"'.
src/routes/admin/api-keys.routes.ts(45,44): error TS2339: Property 'updateApiKey' does not exist on type 'ApiKeyService'.
src/routes/admin/api-keys.routes.ts(67,43): error TS2339: Property 'createApiKey' does not exist on type 'ApiKeyService'.
src/routes/admin/api-keys.routes.ts(79,54): error TS2345: Argument of type 'string' is not assignable to parameter of type '"STRIPE" | "whatsapp" | "GOOGLE_MAPS" | "BREVO" | "OPENAI" | "TINYMCE" | "STRIPE_PUBLIC" | "STRIPE_WEBHOOK"'.
src/routes/admin/dashboard.routes.ts(176,31): error TS2339: Property 'AssistanceRequest' does not exist on type '{ id: string; status: QuoteStatus; createdAt: Date; amount: Decimal; request: { title: string; }; }'.
src/routes/admin/document-stats.routes.ts(4,24): error TS2307: Cannot find module '../../lib/prisma' or its corresponding type declarations.
src/routes/admin/health-check.routes.ts(503,42): error TS2339: Property 'generateReport' does not exist on type 'HealthCheckReportGenerator'.
src/routes/admin/health-check.routes.ts(523,43): error TS2339: Property 'getReportHistory' does not exist on type 'HealthCheckReportGenerator'.
src/routes/admin/health-check.routes.ts(540,44): error TS2339: Property 'getReportPath' does not exist on type 'HealthCheckReportGenerator'.
src/routes/admin/health-check.routes.ts(580,27): error TS2339: Property 'addRule' does not exist on type 'AutoRemediationSystem'.
src/routes/admin/legal-documents.routes.ts(64,15): error TS2559: Type '"LIST_LEGAL_DOCUMENTS"' has no properties in common with type 'AuditOptions'.
src/routes/admin/legal-documents.routes.ts(397,15): error TS2559: Type '"CREATE_LEGAL_DOCUMENT"' has no properties in common with type 'AuditOptions'.
src/routes/admin/legal-documents.routes.ts(435,15): error TS2559: Type '"UPDATE_LEGAL_DOCUMENT"' has no properties in common with type 'AuditOptions'.
src/routes/admin/legal-documents.routes.ts(663,15): error TS2559: Type '"CREATE_LEGAL_VERSION"' has no properties in common with type 'AuditOptions'.
src/routes/admin/legal-documents.routes.ts(766,15): error TS2559: Type '"APPROVE_LEGAL_VERSION"' has no properties in common with type 'AuditOptions'.
src/routes/admin/legal-documents.routes.ts(809,15): error TS2559: Type '"REJECT_LEGAL_VERSION"' has no properties in common with type 'AuditOptions'.
src/routes/admin/legal-documents.routes.ts(845,15): error TS2559: Type '"UNPUBLISH_LEGAL_VERSION"' has no properties in common with type 'AuditOptions'.
src/routes/admin/legal-documents.routes.ts(945,15): error TS2559: Type '"PUBLISH_LEGAL_VERSION"' has no properties in common with type 'AuditOptions'.
src/routes/admin/legal-templates.routes.ts(27,9): error TS2322: Type '({ id: string; type: string; name: string; title: string; language: string; content: string; variables: { company_name: string; company_address: string; update_date: string; }; isDefault: boolean; } | { ...; } | { ...; })[]' is not assignable to type '{ name: string; id: string; type: LegalDocumentType; createdAt: Date; updatedAt: Date; title: string; category: string; isDefault: boolean; content: string; language: string; variables: JsonValue; }[]'.
  Type '{ id: string; type: string; name: string; title: string; language: string; content: string; variables: { company_name: string; company_address: string; update_date: string; }; isDefault: boolean; } | { ...; } | { ...; }' is not assignable to type '{ name: string; id: string; type: LegalDocumentType; createdAt: Date; updatedAt: Date; title: string; category: string; isDefault: boolean; content: string; language: string; variables: JsonValue; }'.
    Type '{ id: string; type: string; name: string; title: string; language: string; content: string; variables: { company_name: string; company_address: string; update_date: string; }; isDefault: boolean; }' is missing the following properties from type '{ name: string; id: string; type: LegalDocumentType; createdAt: Date; updatedAt: Date; title: string; category: string; isDefault: boolean; content: string; language: string; variables: JsonValue; }': createdAt, updatedAt, category
src/routes/admin/legal-templates.routes.ts(59,9): error TS2322: Type '{ id: string; type: string; name: string; title: string; language: string; content: string; variables: { company_name: string; company_address: string; update_date: string; }; isDefault: boolean; } | { ...; } | { ...; }' is not assignable to type '{ name: string; id: string; type: LegalDocumentType; createdAt: Date; updatedAt: Date; title: string; category: string; isDefault: boolean; content: string; language: string; variables: JsonValue; }'.
  Type '{ id: string; type: string; name: string; title: string; language: string; content: string; variables: { company_name: string; company_address: string; update_date: string; }; isDefault: boolean; }' is missing the following properties from type '{ name: string; id: string; type: LegalDocumentType; createdAt: Date; updatedAt: Date; title: string; category: string; isDefault: boolean; content: string; language: string; variables: JsonValue; }': createdAt, updatedAt, category
src/routes/admin/modules.routes.ts(31,11): error TS2430: Interface 'AuthenticatedRequest' incorrectly extends interface 'Request<ParamsDictionary, any, any, ParsedQs, Record<string, any>>'.
  Types of property 'user' are incompatible.
    Type '{ id: string; email: string; role: string; fullName?: string; }' is missing the following properties from type '{ phone: string; id: string; status: string; latitude: number; longitude: number; createdAt: Date; updatedAt: Date; address: string; city: string; province: string; postalCode: string; ... 51 more ...; referralCode: string; }': phone, status, latitude, longitude, and 55 more.
src/routes/admin/system-settings.routes.ts(101,7): error TS2322: Type '{ type?: "string" | "number" | "boolean" | "url" | "email" | "text" | "json"; description?: string; category?: string; isActive?: boolean; key?: string; value?: string; isEditable?: boolean; }' is not assignable to type '(Without<SystemSettingsCreateInput, SystemSettingsUncheckedCreateInput> & SystemSettingsUncheckedCreateInput) | (Without<...> & SystemSettingsCreateInput)'.
  Type '{ type?: "string" | "number" | "boolean" | "url" | "email" | "text" | "json"; description?: string; category?: string; isActive?: boolean; key?: string; value?: string; isEditable?: boolean; }' is not assignable to type 'Without<SystemSettingsUncheckedCreateInput, SystemSettingsCreateInput> & SystemSettingsCreateInput'.
    Type '{ type?: "string" | "number" | "boolean" | "url" | "email" | "text" | "json"; description?: string; category?: string; isActive?: boolean; key?: string; value?: string; isEditable?: boolean; }' is not assignable to type 'SystemSettingsCreateInput'.
      Property 'key' is optional in type '{ type?: "string" | "number" | "boolean" | "url" | "email" | "text" | "json"; description?: string; category?: string; isActive?: boolean; key?: string; value?: string; isEditable?: boolean; }' but required in type 'SystemSettingsCreateInput'.
src/routes/admin/system-settings.routes.ts(107,9): error TS2322: Type '"SYSTEM_SETTING_CREATED"' is not assignable to type 'AuditAction'.
src/routes/admin/system-settings.routes.ts(116,9): error TS2322: Type '"ADMIN"' is not assignable to type 'LogCategory'.
src/routes/admin/system-settings.routes.ts(179,11): error TS2322: Type '"SYSTEM_SETTING_UPDATED"' is not assignable to type 'AuditAction'.
src/routes/admin/system-settings.routes.ts(190,11): error TS2322: Type '"ADMIN"' is not assignable to type 'LogCategory'.
src/routes/admin/system-settings.routes.ts(251,9): error TS2322: Type '"SYSTEM_SETTING_DELETED"' is not assignable to type 'AuditAction'.
src/routes/admin/system-settings.routes.ts(260,9): error TS2322: Type '"ADMIN"' is not assignable to type 'LogCategory'.
src/routes/admin/system-settings.routes.ts(329,9): error TS2322: Type '"SYSTEM_SETTINGS_BULK_UPDATE"' is not assignable to type 'AuditAction'.
src/routes/admin/system-settings.routes.ts(337,9): error TS2322: Type '"ADMIN"' is not assignable to type 'LogCategory'.
src/routes/ai-professional.routes.ts(49,62): error TS2345: Argument of type '{ conversationType: "client_help" | "professional_help" | "system_help"; message?: string; requestId?: string; professionalId?: string; subcategoryId?: string; mode?: "client" | "professional"; conversationId?: string; userId: any; }' is not assignable to parameter of type 'AiChatRequest'.
  Property 'recipientId' is missing in type '{ conversationType: "client_help" | "professional_help" | "system_help"; message?: string; requestId?: string; professionalId?: string; subcategoryId?: string; mode?: "client" | "professional"; conversationId?: string; userId: any; }' but required in type 'AiChatRequest'.
src/routes/ai-professional.routes.ts(208,11): error TS2322: Type '{ modelName?: string; temperature?: number; maxTokens?: number; systemPrompt?: string; topP?: number; frequencyPenalty?: number; presencePenalty?: number; subcategoryId: string; }' is not assignable to type '(Without<SubcategoryAiSettingsCreateInput, SubcategoryAiSettingsUncheckedCreateInput> & SubcategoryAiSettingsUncheckedCreateInput) | (Without<...> & SubcategoryAiSettingsCreateInput)'.
  Type '{ modelName?: string; temperature?: number; maxTokens?: number; systemPrompt?: string; topP?: number; frequencyPenalty?: number; presencePenalty?: number; subcategoryId: string; }' is not assignable to type 'Without<SubcategoryAiSettingsUncheckedCreateInput, SubcategoryAiSettingsCreateInput> & SubcategoryAiSettingsCreateInput'.
    Type '{ modelName?: string; temperature?: number; maxTokens?: number; systemPrompt?: string; topP?: number; frequencyPenalty?: number; presencePenalty?: number; subcategoryId: string; }' is not assignable to type 'Without<SubcategoryAiSettingsUncheckedCreateInput, SubcategoryAiSettingsCreateInput>'.
      Types of property 'subcategoryId' are incompatible.
        Type 'string' is not assignable to type 'never'.
src/routes/ai.routes.ts(36,7): error TS2353: Object literal may only specify known properties, and 'userId' does not exist in type 'AiChatRequest'.
src/routes/ai.routes.ts(118,7): error TS2322: Type '"categorization"' is not assignable to type '"client_help" | "professional_help" | "system_help"'.
src/routes/ai.routes.ts(125,40): error TS2339: Property 'replace' does not exist on type '{ message: string; model: string; tokensUsed: number; }'.
src/routes/apiKeys.routes.ts(129,11): error TS2322: Type '{ key: string; name: string; service: string; permissions: any; rateLimit: number; isActive: true; }' is not assignable to type '(Without<ApiKeyCreateInput, ApiKeyUncheckedCreateInput> & ApiKeyUncheckedCreateInput) | (Without<...> & ApiKeyCreateInput)'.
  Type '{ key: string; name: string; service: string; permissions: any; rateLimit: number; isActive: true; }' is not assignable to type 'Without<ApiKeyUncheckedCreateInput, ApiKeyCreateInput> & ApiKeyCreateInput'.
    Type '{ key: string; name: string; service: string; permissions: any; rateLimit: number; isActive: true; }' is missing the following properties from type 'ApiKeyCreateInput': id, updatedAt
src/routes/apiKeys.routes.ts(148,7): error TS2322: Type '{ key: any; name: any; service: any; rateLimit: number; isActive: true; }' is not assignable to type '(Without<ApiKeyCreateInput, ApiKeyUncheckedCreateInput> & ApiKeyUncheckedCreateInput) | (Without<...> & ApiKeyCreateInput)'.
  Type '{ key: any; name: any; service: any; rateLimit: number; isActive: true; }' is not assignable to type 'Without<ApiKeyUncheckedCreateInput, ApiKeyCreateInput> & ApiKeyCreateInput'.
    Type '{ key: any; name: any; service: any; rateLimit: number; isActive: true; }' is missing the following properties from type 'ApiKeyCreateInput': id, updatedAt
src/routes/appointment.routes.ts(27,39): error TS2554: Expected 3 arguments, but got 2.
src/routes/appointment.routes.ts(41,39): error TS2554: Expected 3 arguments, but got 2.
src/routes/calendar-simple.routes.ts(75,7): error TS2322: Type '{ requestId: any; professionalId: any; proposedDate: Date; description: any; estimatedDuration: any; status: string; clientConfirmed: false; }' is not assignable to type '(Without<ScheduledInterventionCreateInput, ScheduledInterventionUncheckedCreateInput> & ScheduledInterventionUncheckedCreateInput) | (Without<...> & ScheduledInterventionCreateInput)'.
  Type '{ requestId: any; professionalId: any; proposedDate: Date; description: any; estimatedDuration: any; status: string; clientConfirmed: false; }' is not assignable to type 'Without<ScheduledInterventionUncheckedCreateInput, ScheduledInterventionCreateInput> & ScheduledInterventionCreateInput'.
    Type '{ requestId: any; professionalId: any; proposedDate: Date; description: any; estimatedDuration: any; status: string; clientConfirmed: false; }' is not assignable to type 'Without<ScheduledInterventionUncheckedCreateInput, ScheduledInterventionCreateInput>'.
      Types of property 'requestId' are incompatible.
        Type 'any' is not assignable to type 'never'.
src/routes/calendar.routes.ts(188,11): error TS2322: Type '{ isActive?: boolean; dayOfWeek?: number; startTime?: string; endTime?: string; id: string; professionalId: any; }' is not assignable to type '(Without<CalendarAvailabilityCreateInput, CalendarAvailabilityUncheckedCreateInput> & CalendarAvailabilityUncheckedCreateInput) | (Without<...> & CalendarAvailabilityCreateInput)'.
  Type '{ isActive?: boolean; dayOfWeek?: number; startTime?: string; endTime?: string; id: string; professionalId: any; }' is not assignable to type 'Without<CalendarAvailabilityUncheckedCreateInput, CalendarAvailabilityCreateInput> & CalendarAvailabilityCreateInput'.
    Type '{ isActive?: boolean; dayOfWeek?: number; startTime?: string; endTime?: string; id: string; professionalId: any; }' is not assignable to type 'Without<CalendarAvailabilityUncheckedCreateInput, CalendarAvailabilityCreateInput>'.
      Types of property 'professionalId' are incompatible.
        Type 'any' is not assignable to type 'never'.
src/routes/calendar/calendar.routes.ts(2,43): error TS2307: Cannot find module '../middleware/auth' or its corresponding type declarations.
src/routes/calendar/calendar.routes.ts(3,29): error TS2307: Cannot find module '../middleware/rbac' or its corresponding type declarations.
src/routes/calendar/calendar.routes.ts(4,35): error TS2307: Cannot find module '../utils/responseFormatter' or its corresponding type declarations.
src/routes/calendar/calendar.routes.ts(5,24): error TS2307: Cannot find module '../utils/logger' or its corresponding type declarations.
src/routes/calendar/calendar.routes.ts(6,24): error TS2307: Cannot find module '../config/database' or its corresponding type declarations.
src/routes/calendar/calendar.routes.ts(410,17): error TS2339: Property 'handle' does not exist on type 'Router'.
src/routes/cleanup-config.routes.ts(76,13): error TS2820: Type '"NORMAL"' is not assignable to type '"low" | "normal" | "high" | "urgent"'. Did you mean '"normal"'?
src/routes/dashboard/user-dashboard.routes.ts(435,9): error TS1117: An object literal cannot have multiple properties with the same name.
src/routes/emailTemplates.routes.ts(76,11): error TS2345: Argument of type 'number' is not assignable to parameter of type 'string'.
src/routes/emailTemplates.routes.ts(128,13): error TS2353: Object literal may only specify known properties, and 'metadata' does not exist in type '(Without<NotificationTemplateUpdateInput, NotificationTemplateUncheckedUpdateInput> & NotificationTemplateUncheckedUpdateInput) | (Without<...> & NotificationTemplateUpdateInput)'.
src/routes/emailTemplates.routes.ts(149,13): error TS2353: Object literal may only specify known properties, and 'metadata' does not exist in type '(Without<NotificationTemplateCreateInput, NotificationTemplateUncheckedCreateInput> & NotificationTemplateUncheckedCreateInput) | (Without<...> & NotificationTemplateCreateInput)'.
src/routes/emailTemplates.routes.ts(199,11): error TS2345: Argument of type 'number' is not assignable to parameter of type 'string'.
src/routes/emailTemplates.routes.ts(214,11): error TS2345: Argument of type 'number' is not assignable to parameter of type 'string'.
src/routes/emailTemplates.routes.ts(220,26): error TS2339: Property 'forEach' does not exist on type 'JsonValue'.
  Property 'forEach' does not exist on type 'string'.
src/routes/emailTemplates.routes.ts(289,38): error TS2339: Property 'map' does not exist on type 'JsonValue'.
  Property 'map' does not exist on type 'string'.
src/routes/health.routes.ts(74,10): error TS2339: Property 'responseTime' does not exist on type '{ status: string; timestamp: string; uptime: number; environment: string; version: string; checks: Record<string, any>; }'.
src/routes/intervention-report.routes.ts(530,62): error TS2339: Property 'generatePDF' does not exist on type 'InterventionReportOperationsService'.
src/routes/invoice.routes.ts(26,11): error TS2430: Interface 'AuthenticatedRequest' incorrectly extends interface 'Request<ParamsDictionary, any, any, ParsedQs, Record<string, any>>'.
  Types of property 'user' are incompatible.
    Type '{ id: string; role: Role; email: string; fullName?: string; }' is missing the following properties from type '{ phone: string; id: string; status: string; latitude: number; longitude: number; createdAt: Date; updatedAt: Date; address: string; city: string; province: string; postalCode: string; ... 51 more ...; referralCode: string; }': phone, status, latitude, longitude, and 55 more.
src/routes/invoice.routes.ts(139,34): error TS2554: Expected 1 arguments, but got 3.
src/routes/invoice.routes.ts(141,15): error TS2559: Type '"INVOICE_CREATE"' has no properties in common with type 'AuditOptions'.
src/routes/invoice.routes.ts(158,44): error TS2554: Expected 2 arguments, but got 1.
src/routes/invoice.routes.ts(187,44): error TS2339: Property 'getInvoice' does not exist on type 'InvoiceService'.
src/routes/invoice.routes.ts(281,43): error TS2339: Property 'listInvoices' does not exist on type 'InvoiceService'.
src/routes/invoice.routes.ts(293,34): error TS2554: Expected 1 arguments, but got 3.
src/routes/invoice.routes.ts(295,15): error TS2559: Type '"INVOICE_UPDATE"' has no properties in common with type 'AuditOptions'.
src/routes/invoice.routes.ts(308,44): error TS2339: Property 'getInvoice' does not exist on type 'InvoiceService'.
src/routes/invoice.routes.ts(323,44): error TS2339: Property 'updateInvoice' does not exist on type 'InvoiceService'.
src/routes/invoice.routes.ts(342,34): error TS2554: Expected 1 arguments, but got 3.
src/routes/invoice.routes.ts(344,15): error TS2559: Type '"INVOICE_PAYMENT_RECORD"' has no properties in common with type 'AuditOptions'.
src/routes/invoice.routes.ts(357,44): error TS2339: Property 'getInvoice' does not exist on type 'InvoiceService'.
src/routes/invoice.routes.ts(365,43): error TS2339: Property 'recordPayment' does not exist on type 'InvoiceService'.
src/routes/invoice.routes.ts(398,44): error TS2339: Property 'getInvoice' does not exist on type 'InvoiceService'.
src/routes/invoice.routes.ts(426,34): error TS2554: Expected 1 arguments, but got 3.
src/routes/invoice.routes.ts(427,15): error TS2559: Type '"INVOICE_SEND_EMAIL"' has no properties in common with type 'AuditOptions'.
src/routes/invoice.routes.ts(440,44): error TS2339: Property 'getInvoice' does not exist on type 'InvoiceService'.
src/routes/invoice.routes.ts(458,28): error TS2339: Property 'sendInvoiceEmail' does not exist on type 'InvoiceService'.
src/routes/invoice.routes.ts(473,34): error TS2554: Expected 1 arguments, but got 3.
src/routes/invoice.routes.ts(474,15): error TS2559: Type '"INVOICE_SEND_REMINDER"' has no properties in common with type 'AuditOptions'.
src/routes/invoice.routes.ts(487,44): error TS2339: Property 'getInvoice' does not exist on type 'InvoiceService'.
src/routes/invoice.routes.ts(502,59): error TS2554: Expected 1 arguments, but got 2.
src/routes/invoice.routes.ts(521,34): error TS2554: Expected 1 arguments, but got 3.
src/routes/invoice.routes.ts(522,15): error TS2559: Type '"CREDIT_NOTE_CREATE"' has no properties in common with type 'AuditOptions'.
src/routes/invoice.routes.ts(534,52): error TS2339: Property 'getInvoice' does not exist on type 'InvoiceService'.
src/routes/invoice.routes.ts(542,47): error TS2554: Expected 4 arguments, but got 1.
src/routes/invoice.routes.ts(567,34): error TS2554: Expected 1 arguments, but got 3.
src/routes/invoice.routes.ts(568,15): error TS2559: Type '"INVOICE_ELECTRONIC_GENERATE"' has no properties in common with type 'AuditOptions'.
src/routes/invoice.routes.ts(580,44): error TS2339: Property 'getInvoice' does not exist on type 'InvoiceService'.
src/routes/invoice.routes.ts(595,43): error TS2339: Property 'generateElectronicInvoice' does not exist on type 'InvoiceService'.
src/routes/invoice.routes.ts(614,34): error TS2554: Expected 1 arguments, but got 3.
src/routes/invoice.routes.ts(632,42): error TS2339: Property 'getInvoiceStatistics' does not exist on type 'InvoiceService'.
src/routes/kb-documents.routes.ts(171,13): error TS2561: Object literal may only specify known properties, but 'Category' does not exist in type '(Without<KnowledgeBaseDocumentCreateInput, KnowledgeBaseDocumentUncheckedCreateInput> & KnowledgeBaseDocumentUncheckedCreateInput) | (Without<...> & KnowledgeBaseDocumentCreateInput)'. Did you mean to write 'category'?
src/routes/knowledgebase.routes.ts(21,11): error TS2430: Interface 'AuthenticatedRequest' incorrectly extends interface 'Request<ParamsDictionary, any, any, ParsedQs, Record<string, any>>'.
  Types of property 'user' are incompatible.
    Type '{ id: string; fullName: string; email: string; role: string; }' is missing the following properties from type '{ phone: string; id: string; status: string; latitude: number; longitude: number; createdAt: Date; updatedAt: Date; address: string; city: string; province: string; postalCode: string; ... 51 more ...; referralCode: string; }': phone, status, latitude, longitude, and 55 more.
src/routes/knowledgebase.routes.ts(76,25): error TS2724: '"/Users/lucamambelli/Desktop/Richiesta-Assistenza/backend/node_modules/.prisma/client/index".Prisma' has no exported member named 'KnowledgeBaseArticleWhereInput'. Did you mean 'KnowledgeBaseWhereInput'?
src/routes/knowledgebase.routes.ts(100,25): error TS2724: '"/Users/lucamambelli/Desktop/Richiesta-Assistenza/backend/node_modules/.prisma/client/index".Prisma' has no exported member named 'KnowledgeBaseArticleOrderByWithRelationInput'. Did you mean 'KnowledgeBaseOrderByWithRelationInput'?
src/routes/knowledgebase.routes.ts(111,14): error TS2339: Property 'knowledgeBaseArticle' does not exist on type 'PrismaClient<{ log: ("warn" | "error")[]; }, "warn" | "error", DefaultArgs>'.
src/routes/knowledgebase.routes.ts(126,14): error TS2339: Property 'knowledgeBaseArticle' does not exist on type 'PrismaClient<{ log: ("warn" | "error")[]; }, "warn" | "error", DefaultArgs>'.
src/routes/knowledgebase.routes.ts(131,20): error TS2339: Property 'knowledgeBaseArticle' does not exist on type 'PrismaClient<{ log: ("warn" | "error")[]; }, "warn" | "error", DefaultArgs>'.
src/routes/knowledgebase.routes.ts(166,34): error TS2339: Property 'knowledgeBaseArticle' does not exist on type 'PrismaClient<{ log: ("warn" | "error")[]; }, "warn" | "error", DefaultArgs>'.
src/routes/knowledgebase.routes.ts(200,18): error TS2339: Property 'knowledgeBaseArticle' does not exist on type 'PrismaClient<{ log: ("warn" | "error")[]; }, "warn" | "error", DefaultArgs>'.
src/routes/knowledgebase.routes.ts(226,15): error TS2559: Type '"KB_CREATE_ARTICLE"' has no properties in common with type 'AuditOptions'.
src/routes/knowledgebase.routes.ts(249,36): error TS2339: Property 'knowledgeBaseArticle' does not exist on type 'PrismaClient<{ log: ("warn" | "error")[]; }, "warn" | "error", DefaultArgs>'.
src/routes/knowledgebase.routes.ts(295,15): error TS2559: Type '"KB_UPDATE_ARTICLE"' has no properties in common with type 'AuditOptions'.
src/routes/knowledgebase.routes.ts(306,37): error TS2339: Property 'knowledgeBaseArticle' does not exist on type 'PrismaClient<{ log: ("warn" | "error")[]; }, "warn" | "error", DefaultArgs>'.
src/routes/knowledgebase.routes.ts(336,36): error TS2339: Property 'knowledgeBaseArticle' does not exist on type 'PrismaClient<{ log: ("warn" | "error")[]; }, "warn" | "error", DefaultArgs>'.
src/routes/knowledgebase.routes.ts(381,15): error TS2559: Type '"KB_DELETE_ARTICLE"' has no properties in common with type 'AuditOptions'.
src/routes/knowledgebase.routes.ts(386,20): error TS2339: Property 'knowledgeBaseArticle' does not exist on type 'PrismaClient<{ log: ("warn" | "error")[]; }, "warn" | "error", DefaultArgs>'.
src/routes/knowledgebase.routes.ts(411,15): error TS2559: Type '"KB_FEEDBACK"' has no properties in common with type 'AuditOptions'.
src/routes/knowledgebase.routes.ts(421,36): error TS2339: Property 'knowledgeBaseArticle' does not exist on type 'PrismaClient<{ log: ("warn" | "error")[]; }, "warn" | "error", DefaultArgs>'.
src/routes/knowledgebase.routes.ts(433,37): error TS2339: Property 'knowledgeBaseFeedback' does not exist on type 'PrismaClient<{ log: ("warn" | "error")[]; }, "warn" | "error", DefaultArgs>'.
src/routes/knowledgebase.routes.ts(451,20): error TS2339: Property 'knowledgeBaseArticle' does not exist on type 'PrismaClient<{ log: ("warn" | "error")[]; }, "warn" | "error", DefaultArgs>'.
src/routes/knowledgebase.routes.ts(497,37): error TS2339: Property 'knowledgeBaseArticle' does not exist on type 'PrismaClient<{ log: ("warn" | "error")[]; }, "warn" | "error", DefaultArgs>'.
src/routes/knowledgebase.routes.ts(524,38): error TS2339: Property 'knowledgeBaseArticle' does not exist on type 'PrismaClient<{ log: ("warn" | "error")[]; }, "warn" | "error", DefaultArgs>'.
src/routes/knowledgebase.routes.ts(566,37): error TS2339: Property 'knowledgeBaseArticle' does not exist on type 'PrismaClient<{ log: ("warn" | "error")[]; }, "warn" | "error", DefaultArgs>'.
src/routes/knowledgebase.routes.ts(605,35): error TS2339: Property 'knowledgeBaseArticle' does not exist on type 'PrismaClient<{ log: ("warn" | "error")[]; }, "warn" | "error", DefaultArgs>'.
src/routes/knowledgebase.routes.ts(648,41): error TS2339: Property 'knowledgeBaseArticle' does not exist on type 'PrismaClient<{ log: ("warn" | "error")[]; }, "warn" | "error", DefaultArgs>'.
src/routes/knowledgebase.routes.ts(660,42): error TS2339: Property 'knowledgeBaseArticle' does not exist on type 'PrismaClient<{ log: ("warn" | "error")[]; }, "warn" | "error", DefaultArgs>'.
src/routes/location.routes.ts(76,15): error TS2559: Type '"LOCATION_UPDATE"' has no properties in common with type 'AuditOptions'.
src/routes/location.routes.ts(392,15): error TS2559: Type '"LOCATION_CLEAR"' has no properties in common with type 'AuditOptions'.
src/routes/maps.routes.ts(56,22): error TS2339: Property 'value' does not exist on type '{ name: string; id: string; createdAt: Date; updatedAt: Date; userId: string; isActive: boolean; lastUsedAt: Date; key: string; service: string; permissions: JsonValue; rateLimit: number; expiresAt: Date; }'.
src/routes/maps.routes.ts(127,9): error TS2353: Object literal may only specify known properties, and 'departureTime' does not exist in type '{ mode?: "driving" | "walking" | "bicycling" | "transit"; units?: "metric" | "imperial"; avoidTolls?: boolean; avoidHighways?: boolean; }'.
src/routes/maps.routes.ts(209,9): error TS2353: Object literal may only specify known properties, and 'departureTime' does not exist in type '{ mode?: "driving" | "walking" | "bicycling" | "transit"; units?: "metric" | "imperial"; avoidTolls?: boolean; avoidHighways?: boolean; }'.
src/routes/maps.routes.ts(277,44): error TS2339: Property 'getDirections' does not exist on type 'typeof GoogleMapsService'.
src/routes/maps.routes.ts(300,22): error TS2339: Property 'routeHistory' does not exist on type 'PrismaClient<{ log: ("warn" | "error")[]; }, "warn" | "error", DefaultArgs>'.
src/routes/maps.routes.ts(359,7): error TS2353: Object literal may only specify known properties, and 'sessionToken' does not exist in type '{ types?: string[]; componentRestrictions?: { country?: string; }; location?: Coordinates; radius?: number; }'.
src/routes/maps.routes.ts(432,48): error TS2339: Property 'validateAddress' does not exist on type 'typeof GoogleMapsService'.
src/routes/notificationAdmin.routes.ts(13,11): error TS2430: Interface 'AuthenticatedRequest' incorrectly extends interface 'Request<ParamsDictionary, any, any, ParsedQs, Record<string, any>>'.
  Types of property 'user' are incompatible.
    Type '{ id: string; email: string; role: string; }' is missing the following properties from type '{ phone: string; id: string; status: string; latitude: number; longitude: number; createdAt: Date; updatedAt: Date; address: string; city: string; province: string; postalCode: string; ... 51 more ...; referralCode: string; }': phone, status, latitude, longitude, and 56 more.
src/routes/notificationAdmin.routes.ts(379,7): error TS2322: Type 'string[]' is not assignable to type '("push" | "email" | "websocket" | "sms")[]'.
  Type 'string' is not assignable to type '"push" | "email" | "websocket" | "sms"'.
src/routes/notificationAdmin.routes.ts(407,9): error TS2353: Object literal may only specify known properties, and 'NotificationTemplate' does not exist in type 'NotificationEventInclude<DefaultArgs>'.
src/routes/notificationTemplate.routes.ts(18,11): error TS2430: Interface 'AuthenticatedRequest' incorrectly extends interface 'Request<ParamsDictionary, any, any, ParsedQs, Record<string, any>>'.
  Types of property 'user' are incompatible.
    Type '{ id: string; role: string; email: string; }' is missing the following properties from type '{ phone: string; id: string; status: string; latitude: number; longitude: number; createdAt: Date; updatedAt: Date; address: string; city: string; province: string; postalCode: string; ... 51 more ...; referralCode: string; }': phone, status, latitude, longitude, and 56 more.
src/routes/payment.routes.ts(151,11): error TS2561: Object literal may only specify known properties, but 'invoice' does not exist in type 'PaymentInclude<DefaultArgs>'. Did you mean to write 'invoices'?
src/routes/payment.routes.ts(287,11): error TS2561: Object literal may only specify known properties, but 'invoice' does not exist in type 'PaymentInclude<DefaultArgs>'. Did you mean to write 'invoices'?
src/routes/payment.routes.ts(322,9): error TS2561: Object literal may only specify known properties, but 'invoice' does not exist in type 'PaymentInclude<DefaultArgs>'. Did you mean to write 'invoices'?
src/routes/payment.routes.ts(398,66): error TS2554: Expected 1 arguments, but got 2.
src/routes/payment.routes.ts(417,71): error TS2554: Expected 1 arguments, but got 2.
src/routes/payment.routes.ts(430,70): error TS2345: Argument of type 'number' is not assignable to parameter of type 'string'.
src/routes/payment.routes.ts(434,83): error TS2345: Argument of type 'number' is not assignable to parameter of type 'string'.
src/routes/payment.routes.v5.ts(148,15): error TS2353: Object literal may only specify known properties, and 'quoteNumber' does not exist in type 'QuoteSelect<DefaultArgs>'.
src/routes/payment.routes.v5.ts(199,9): error TS2353: Object literal may only specify known properties, and 'paymentSplits' does not exist in type 'PaymentInclude<DefaultArgs>'.
src/routes/payment.routes.v5.ts(273,66): error TS2554: Expected 1 arguments, but got 2.
src/routes/payment.routes.v5.ts(292,71): error TS2554: Expected 1 arguments, but got 2.
src/routes/payment.routes.v5.ts(305,70): error TS2345: Argument of type 'number' is not assignable to parameter of type 'string'.
src/routes/payment.routes.v5.ts(309,83): error TS2345: Argument of type 'number' is not assignable to parameter of type 'string'.
src/routes/pricing.routes.ts(48,59): error TS2345: Argument of type 'ZodIssue[]' is not assignable to parameter of type 'string'.
src/routes/pricing.routes.ts(93,59): error TS2345: Argument of type 'ZodIssue[]' is not assignable to parameter of type 'string'.
src/routes/pricing.routes.ts(189,7): error TS2345: Argument of type '{ error: any; stack: any; }' is not assignable to parameter of type 'string'.
src/routes/pricing.routes.ts(220,7): error TS2345: Argument of type '{ error: any; }' is not assignable to parameter of type 'string'.
src/routes/profession-categories.routes.ts(23,15): error TS2559: Type '"LIST_PROFESSION_CATEGORIES"' has no properties in common with type 'AuditOptions'.
src/routes/profession-categories.routes.ts(74,15): error TS2559: Type '"GET_PROFESSION_CATEGORIES"' has no properties in common with type 'AuditOptions'.
src/routes/profession-categories.routes.ts(121,15): error TS2559: Type '"CREATE_PROFESSION_CATEGORY"' has no properties in common with type 'AuditOptions'.
src/routes/profession-categories.routes.ts(176,11): error TS2353: Object literal may only specify known properties, and 'description' does not exist in type '(Without<ProfessionCategoryCreateInput, ProfessionCategoryUncheckedCreateInput> & ProfessionCategoryUncheckedCreateInput) | (Without<...> & ProfessionCategoryCreateInput)'.
src/routes/profession-categories.routes.ts(209,15): error TS2559: Type '"UPDATE_PROFESSION_CATEGORY"' has no properties in common with type 'AuditOptions'.
src/routes/profession-categories.routes.ts(240,11): error TS2353: Object literal may only specify known properties, and 'description' does not exist in type '(Without<ProfessionCategoryUpdateInput, ProfessionCategoryUncheckedUpdateInput> & ProfessionCategoryUncheckedUpdateInput) | (Without<...> & ProfessionCategoryUpdateInput)'.
src/routes/profession-categories.routes.ts(271,15): error TS2559: Type '"DELETE_PROFESSION_CATEGORY"' has no properties in common with type 'AuditOptions'.
src/routes/profession-categories.routes.ts(318,15): error TS2559: Type '"BULK_UPDATE_PROFESSION_CATEGORIES"' has no properties in common with type 'AuditOptions'.
src/routes/professional.routes.ts(142,20): error TS2339: Property 'distance' does not exist on type '{ client: { id: string; city: string; province: string; fullName: string; }; category: { name: string; id: string; createdAt: Date; updatedAt: Date; description: string; slug: string; icon: string; color: string; textColor: string; isActive: boolean; displayOrder: number; }; subcategory: { ...; }; } & { ...; }'.
src/routes/professional.routes.ts(142,35): error TS2339: Property 'distance' does not exist on type '{ client: { id: string; city: string; province: string; fullName: string; }; category: { name: string; id: string; createdAt: Date; updatedAt: Date; description: string; slug: string; icon: string; color: string; textColor: string; isActive: boolean; displayOrder: number; }; subcategory: { ...; }; } & { ...; }'.
src/routes/professional.routes.ts(143,22): error TS2339: Property 'distance' does not exist on type '{ client: { id: string; city: string; province: string; fullName: string; }; category: { name: string; id: string; createdAt: Date; updatedAt: Date; description: string; slug: string; icon: string; color: string; textColor: string; isActive: boolean; displayOrder: number; }; subcategory: { ...; }; } & { ...; }'.
src/routes/professional.routes.ts(143,49): error TS2339: Property 'distance' does not exist on type '{ client: { id: string; city: string; province: string; fullName: string; }; category: { name: string; id: string; createdAt: Date; updatedAt: Date; description: string; slug: string; icon: string; color: string; textColor: string; isActive: boolean; displayOrder: number; }; subcategory: { ...; }; } & { ...; }'.
src/routes/professional.routes.ts(349,11): error TS2561: Object literal may only specify known properties, but 'Client' does not exist in type 'AssistanceRequestInclude<DefaultArgs>'. Did you mean to write 'client'?
src/routes/professional.routes.ts(367,11): error TS2353: Object literal may only specify known properties, and 'message' does not exist in type '(Without<NotificationCreateInput, NotificationUncheckedCreateInput> & NotificationUncheckedCreateInput) | (Without<...> & NotificationCreateInput)'.
src/routes/professional.routes.ts(406,9): error TS2353: Object literal may only specify known properties, and 'approvalNotes' does not exist in type '(Without<UserUpdateInput, UserUncheckedUpdateInput> & UserUncheckedUpdateInput) | (Without<...> & UserUpdateInput)'.
src/routes/professional.routes.ts(411,31): error TS2339: Property 'sendToUser' does not exist on type 'typeof import("/Users/lucamambelli/Desktop/Richiesta-Assistenza/backend/src/services/notification.service")'.
src/routes/professional.routes.ts(438,9): error TS2353: Object literal may only specify known properties, and 'rejectedAt' does not exist in type '(Without<UserUpdateInput, UserUncheckedUpdateInput> & UserUncheckedUpdateInput) | (Without<...> & UserUpdateInput)'.
src/routes/professional.routes.ts(445,31): error TS2339: Property 'sendToUser' does not exist on type 'typeof import("/Users/lucamambelli/Desktop/Richiesta-Assistenza/backend/src/services/notification.service")'.
src/routes/professional.routes.ts(501,24): error TS2339: Property 'sendEmail' does not exist on type 'typeof import("/Users/lucamambelli/Desktop/Richiesta-Assistenza/backend/src/services/email.service")'.
src/routes/professional.routes.ts(511,9): error TS2322: Type '"REQUEST_DOCUMENTS"' is not assignable to type 'AuditAction'.
src/routes/professional.routes.ts(521,9): error TS2322: Type '"ADMIN"' is not assignable to type 'LogCategory'.
src/routes/professional.routes.ts(526,31): error TS2339: Property 'sendToUser' does not exist on type 'typeof import("/Users/lucamambelli/Desktop/Richiesta-Assistenza/backend/src/services/notification.service")'.
src/routes/professionalPhrases.routes.ts(160,7): error TS2561: Object literal may only specify known properties, but 'category' does not exist in type '{ professionalId: string; Category: "note" | "problem" | "solution" | "recommendation"; code: string; title: string; content: string; isFavorite?: boolean; }'. Did you mean to write 'Category'?
src/routes/professionals.routes.ts(16,11): error TS2430: Interface 'AuthenticatedRequest' incorrectly extends interface 'Request<ParamsDictionary, any, any, ParsedQs, Record<string, any>>'.
  Types of property 'user' are incompatible.
    Type '{ id: string; role: string; email: string; }' is missing the following properties from type '{ phone: string; id: string; status: string; latitude: number; longitude: number; createdAt: Date; updatedAt: Date; address: string; city: string; province: string; postalCode: string; ... 51 more ...; referralCode: string; }': phone, status, latitude, longitude, and 56 more.
src/routes/professionals.routes.ts(163,11): error TS2322: Type '{ userId: string; hourlyRate: number; minimumRate: number; costPerKm: number; freeKm: number; supplements: { weekend: number; notturno: number; festivo: number; urgente: number; }; }' is not assignable to type '(Without<ProfessionalPricingCreateInput, ProfessionalPricingUncheckedCreateInput> & ProfessionalPricingUncheckedCreateInput) | (Without<...> & ProfessionalPricingCreateInput)'.
  Type '{ userId: string; hourlyRate: number; minimumRate: number; costPerKm: number; freeKm: number; supplements: { weekend: number; notturno: number; festivo: number; urgente: number; }; }' is not assignable to type 'Without<ProfessionalPricingUncheckedCreateInput, ProfessionalPricingCreateInput> & ProfessionalPricingCreateInput'.
    Type '{ userId: string; hourlyRate: number; minimumRate: number; costPerKm: number; freeKm: number; supplements: { weekend: number; notturno: number; festivo: number; urgente: number; }; }' is not assignable to type 'Without<ProfessionalPricingUncheckedCreateInput, ProfessionalPricingCreateInput>'.
      Types of property 'userId' are incompatible.
        Type 'string' is not assignable to type 'never'.
src/routes/professionals.routes.ts(202,9): error TS2322: Type '{ hourlyRate?: number; minimumRate?: number; costPerKm?: number; freeKm?: number; supplements?: { weekend?: number; notturno?: number; festivo?: number; urgente?: number; }; userId: string; }' is not assignable to type '(Without<ProfessionalPricingCreateInput, ProfessionalPricingUncheckedCreateInput> & ProfessionalPricingUncheckedCreateInput) | (Without<...> & ProfessionalPricingCreateInput)'.
  Type '{ hourlyRate?: number; minimumRate?: number; costPerKm?: number; freeKm?: number; supplements?: { weekend?: number; notturno?: number; festivo?: number; urgente?: number; }; userId: string; }' is not assignable to type 'Without<ProfessionalPricingUncheckedCreateInput, ProfessionalPricingCreateInput> & ProfessionalPricingCreateInput'.
    Type '{ hourlyRate?: number; minimumRate?: number; costPerKm?: number; freeKm?: number; supplements?: { weekend?: number; notturno?: number; festivo?: number; urgente?: number; }; userId: string; }' is not assignable to type 'Without<ProfessionalPricingUncheckedCreateInput, ProfessionalPricingCreateInput>'.
      Types of property 'userId' are incompatible.
        Type 'string' is not assignable to type 'never'.
src/routes/professionals.routes.ts(246,15): error TS2353: Object literal may only specify known properties, and 'recipientId' does not exist in type 'ProfessionalUserSubcategoryUserIdSubcategoryIdCompoundUniqueInput'.
src/routes/professionals.routes.ts(265,11): error TS2353: Object literal may only specify known properties, and 'userId_subcategoryId' does not exist in type 'ProfessionalAiSettingsWhereUniqueInput'.
src/routes/professionals.routes.ts(276,13): error TS2353: Object literal may only specify known properties, and 'recipientId' does not exist in type '(Without<ProfessionalAiSettingsCreateInput, ProfessionalAiSettingsUncheckedCreateInput> & ProfessionalAiSettingsUncheckedCreateInput) | (Without<...> & ProfessionalAiSettingsCreateInput)'.
src/routes/professionals.routes.ts(318,11): error TS2353: Object literal may only specify known properties, and 'userId_subcategoryId' does not exist in type 'ProfessionalAiSettingsWhereUniqueInput'.
src/routes/professionals.routes.ts(325,11): error TS2353: Object literal may only specify known properties, and 'recipientId' does not exist in type '(Without<ProfessionalAiSettingsCreateInput, ProfessionalAiSettingsUncheckedCreateInput> & ProfessionalAiSettingsUncheckedCreateInput) | (Without<...> & ProfessionalAiSettingsCreateInput)'.
src/routes/professionals.routes.ts(406,9): error TS2322: Type '{ name?: string; level?: "intermediate" | "advanced" | "beginner" | "expert"; userId: string; }' is not assignable to type '(Without<ProfessionalSkillCreateInput, ProfessionalSkillUncheckedCreateInput> & ProfessionalSkillUncheckedCreateInput) | (Without<...> & ProfessionalSkillCreateInput)'.
  Type '{ name?: string; level?: "intermediate" | "advanced" | "beginner" | "expert"; userId: string; }' is not assignable to type 'Without<ProfessionalSkillUncheckedCreateInput, ProfessionalSkillCreateInput> & ProfessionalSkillCreateInput'.
    Type '{ name?: string; level?: "intermediate" | "advanced" | "beginner" | "expert"; userId: string; }' is not assignable to type 'Without<ProfessionalSkillUncheckedCreateInput, ProfessionalSkillCreateInput>'.
      Types of property 'userId' are incompatible.
        Type 'string' is not assignable to type 'never'.
src/routes/professionals.routes.ts(496,9): error TS2322: Type '{ validUntil: Date; name?: string; isVerified?: boolean; issuer?: string; userId: string; }' is not assignable to type '(Without<ProfessionalCertificationCreateInput, ProfessionalCertificationUncheckedCreateInput> & ProfessionalCertificationUncheckedCreateInput) | (Without<...> & ProfessionalCertificationCreateInput)'.
  Type '{ validUntil: Date; name?: string; isVerified?: boolean; issuer?: string; userId: string; }' is not assignable to type 'Without<ProfessionalCertificationUncheckedCreateInput, ProfessionalCertificationCreateInput> & ProfessionalCertificationCreateInput'.
    Type '{ validUntil: Date; name?: string; isVerified?: boolean; issuer?: string; userId: string; }' is not assignable to type 'Without<ProfessionalCertificationUncheckedCreateInput, ProfessionalCertificationCreateInput>'.
      Types of property 'userId' are incompatible.
        Type 'string' is not assignable to type 'never'.
src/routes/professionals.routes.ts(532,11): error TS2353: Object literal may only specify known properties, and 'recipientId' does not exist in type 'ProfessionalCertificationWhereUniqueInput'.
src/routes/professionals.routes.ts(560,11): error TS2353: Object literal may only specify known properties, and 'recipientId' does not exist in type 'ProfessionalCertificationWhereUniqueInput'.
src/routes/professionals.routes.ts(625,13): error TS2561: Object literal may only specify known properties, but 'professionalInfo' does not exist in type 'UserSelect<DefaultArgs>'. Did you mean to write 'professionId'?
src/routes/professionals.routes.ts(645,28): error TS2551: Property 'professionalInfo' does not exist on type '{ phone: string; id: string; status: string; latitude: number; longitude: number; createdAt: Date; updatedAt: Date; address: string; city: string; province: string; postalCode: string; ... 51 more ...; referralCode: string; }'. Did you mean 'professionId'?
src/routes/professionals.routes.ts(646,28): error TS2551: Property 'professionalInfo' does not exist on type '{ phone: string; id: string; status: string; latitude: number; longitude: number; createdAt: Date; updatedAt: Date; address: string; city: string; province: string; postalCode: string; ... 51 more ...; referralCode: string; }'. Did you mean 'professionId'?
src/routes/professionals.routes.ts(686,11): error TS2561: Object literal may only specify known properties, but 'professionalInfo' does not exist in type 'UserSelect<DefaultArgs>'. Did you mean to write 'professionId'?
src/routes/professionals.routes.ts(714,26): error TS2551: Property 'professionalInfo' does not exist on type '{ phone: string; id: string; status: string; latitude: number; longitude: number; createdAt: Date; updatedAt: Date; address: string; city: string; province: string; postalCode: string; ... 51 more ...; referralCode: string; }'. Did you mean 'professionId'?
src/routes/professionals.routes.ts(715,26): error TS2551: Property 'professionalInfo' does not exist on type '{ phone: string; id: string; status: string; latitude: number; longitude: number; createdAt: Date; updatedAt: Date; address: string; city: string; province: string; postalCode: string; ... 51 more ...; referralCode: string; }'. Did you mean 'professionId'?
src/routes/professionals.routes.ts(716,31): error TS2339: Property 'professionalUserSubcategories' does not exist on type '{ phone: string; id: string; status: string; latitude: number; longitude: number; createdAt: Date; updatedAt: Date; address: string; city: string; province: string; postalCode: string; ... 51 more ...; referralCode: string; }'.
src/routes/professionals.routes.ts(717,32): error TS2339: Property 'professionalUserSubcategories' does not exist on type '{ phone: string; id: string; status: string; latitude: number; longitude: number; createdAt: Date; updatedAt: Date; address: string; city: string; province: string; postalCode: string; ... 51 more ...; referralCode: string; }'.
src/routes/professionals.routes.ts(748,11): error TS2353: Object literal may only specify known properties, and 'isActive' does not exist in type 'UserWhereInput'.
src/routes/professionalSkillsCertifications.routes.ts(73,7): error TS2322: Type '{ userId: any; name: any; level: any; }' is not assignable to type '(Without<ProfessionalSkillCreateInput, ProfessionalSkillUncheckedCreateInput> & ProfessionalSkillUncheckedCreateInput) | (Without<...> & ProfessionalSkillCreateInput)'.
  Type '{ userId: any; name: any; level: any; }' is not assignable to type 'Without<ProfessionalSkillUncheckedCreateInput, ProfessionalSkillCreateInput> & ProfessionalSkillCreateInput'.
    Type '{ userId: any; name: any; level: any; }' is not assignable to type 'Without<ProfessionalSkillUncheckedCreateInput, ProfessionalSkillCreateInput>'.
      Types of property 'userId' are incompatible.
        Type 'any' is not assignable to type 'never'.
src/routes/professionalSkillsCertifications.routes.ts(236,7): error TS2322: Type '{ userId: any; name: any; issuer: any; validUntil: Date; isVerified: any; }' is not assignable to type '(Without<ProfessionalCertificationCreateInput, ProfessionalCertificationUncheckedCreateInput> & ProfessionalCertificationUncheckedCreateInput) | (Without<...> & ProfessionalCertificationCreateInput)'.
  Type '{ userId: any; name: any; issuer: any; validUntil: Date; isVerified: any; }' is not assignable to type 'Without<ProfessionalCertificationUncheckedCreateInput, ProfessionalCertificationCreateInput> & ProfessionalCertificationCreateInput'.
    Type '{ userId: any; name: any; issuer: any; validUntil: Date; isVerified: any; }' is not assignable to type 'Without<ProfessionalCertificationUncheckedCreateInput, ProfessionalCertificationCreateInput>'.
      Types of property 'userId' are incompatible.
        Type 'any' is not assignable to type 'never'.
src/routes/professions.routes.ts(137,7): error TS2322: Type '{ name: any; slug: any; description: any; isActive: any; displayOrder: any; }' is not assignable to type '(Without<ProfessionCreateInput, ProfessionUncheckedCreateInput> & ProfessionUncheckedCreateInput) | (Without<...> & ProfessionCreateInput)'.
  Type '{ name: any; slug: any; description: any; isActive: any; displayOrder: any; }' is not assignable to type 'Without<ProfessionUncheckedCreateInput, ProfessionCreateInput> & ProfessionCreateInput'.
    Type '{ name: any; slug: any; description: any; isActive: any; displayOrder: any; }' is missing the following properties from type 'ProfessionCreateInput': id, updatedAt
src/routes/public.routes.ts(135,13): error TS2322: Type 'string' is not assignable to type 'LegalDocumentType | EnumLegalDocumentTypeFilter<"LegalDocument">'.
src/routes/public.routes.ts(157,53): error TS2339: Property 'versions' does not exist on type '{ id: string; type: LegalDocumentType; createdAt: Date; updatedAt: Date; description: string; customFields: JsonValue; metadata: JsonValue; ... 7 more ...; sortOrder: number; }'.
src/routes/public.routes.ts(158,37): error TS2339: Property 'versions' does not exist on type '{ id: string; type: LegalDocumentType; createdAt: Date; updatedAt: Date; description: string; customFields: JsonValue; metadata: JsonValue; ... 7 more ...; sortOrder: number; }'.
src/routes/public.routes.ts(159,34): error TS2339: Property 'versions' does not exist on type '{ id: string; type: LegalDocumentType; createdAt: Date; updatedAt: Date; description: string; customFields: JsonValue; metadata: JsonValue; ... 7 more ...; sortOrder: number; }'.
src/routes/public.routes.ts(197,9): error TS2322: Type 'string' is not assignable to type 'LegalDocumentType | EnumLegalDocumentTypeFilter<"LegalDocument">'.
src/routes/public.routes.ts(217,31): error TS2339: Property 'versions' does not exist on type '{ id: string; type: LegalDocumentType; createdAt: Date; updatedAt: Date; description: string; customFields: JsonValue; metadata: JsonValue; ... 7 more ...; sortOrder: number; }'.
src/routes/public.routes.ts(480,37): error TS2339: Property 'versions' does not exist on type '{ id: string; type: LegalDocumentType; createdAt: Date; updatedAt: Date; description: string; customFields: JsonValue; metadata: JsonValue; ... 7 more ...; sortOrder: number; }'.
src/routes/quote.routes.ts(28,11): error TS2430: Interface 'AuthRequest' incorrectly extends interface 'Request<ParamsDictionary, any, any, ParsedQs, Record<string, any>>'.
  Types of property 'user' are incompatible.
    Type 'UserPayload' is missing the following properties from type '{ phone: string; id: string; status: string; latitude: number; longitude: number; createdAt: Date; updatedAt: Date; address: string; city: string; province: string; postalCode: string; ... 51 more ...; referralCode: string; }': phone, status, latitude, longitude, and 55 more.
src/routes/quote.routes.ts(143,9): error TS2322: Type 'QuoteWhereClause' is not assignable to type 'QuoteWhereInput'.
  Types of property 'status' are incompatible.
    Type 'string | { not: string; }' is not assignable to type 'QuoteStatus | EnumQuoteStatusFilter<"Quote">'.
      Type 'string' is not assignable to type 'QuoteStatus | EnumQuoteStatusFilter<"Quote">'.
src/routes/quote.routes.ts(181,19): error TS2551: Property 'items' does not exist on type '{ id: string; status: QuoteStatus; createdAt: Date; updatedAt: Date; requestId: string; title: string; description: string; professionalId: string; internalNotes: string; ... 15 more ...; depositPaidAt: Date; }'. Did you mean 'terms'?
src/routes/quote.routes.ts(181,34): error TS2551: Property 'items' does not exist on type '{ id: string; status: QuoteStatus; createdAt: Date; updatedAt: Date; requestId: string; title: string; description: string; professionalId: string; internalNotes: string; ... 15 more ...; depositPaidAt: Date; }'. Did you mean 'terms'?
src/routes/quote.routes.ts(182,31): error TS2551: Property 'items' does not exist on type '{ id: string; status: QuoteStatus; createdAt: Date; updatedAt: Date; requestId: string; title: string; description: string; professionalId: string; internalNotes: string; ... 15 more ...; depositPaidAt: Date; }'. Did you mean 'terms'?
src/routes/quote.routes.ts(192,26): error TS2551: Property 'request' does not exist on type '{ id: string; status: QuoteStatus; createdAt: Date; updatedAt: Date; requestId: string; title: string; description: string; professionalId: string; internalNotes: string; ... 15 more ...; depositPaidAt: Date; }'. Did you mean 'requestId'?
src/routes/quote.routes.ts(193,31): error TS2551: Property 'professional' does not exist on type '{ id: string; status: QuoteStatus; createdAt: Date; updatedAt: Date; requestId: string; title: string; description: string; professionalId: string; internalNotes: string; ... 15 more ...; depositPaidAt: Date; }'. Did you mean 'professionalId'?
src/routes/quote.routes.ts(194,24): error TS2551: Property 'items' does not exist on type '{ id: string; status: QuoteStatus; createdAt: Date; updatedAt: Date; requestId: string; title: string; description: string; professionalId: string; internalNotes: string; ... 15 more ...; depositPaidAt: Date; }'. Did you mean 'terms'?
src/routes/quote.routes.ts(204,48): error TS2322: Type 'QuoteWhereClause' is not assignable to type 'QuoteWhereInput'.
  Types of property 'status' are incompatible.
    Type 'string | { not: string; }' is not assignable to type 'QuoteStatus | EnumQuoteStatusFilter<"Quote">'.
      Type 'string' is not assignable to type 'QuoteStatus | EnumQuoteStatusFilter<"Quote">'.
src/routes/quote.routes.ts(736,11): error TS2353: Object literal may only specify known properties, and 'professional' does not exist in type 'QuoteRevisionInclude<DefaultArgs>'.
src/routes/quote.routes.ts(869,68): error TS2554: Expected 1 arguments, but got 2.
src/routes/quote.routes.ts(1000,68): error TS2554: Expected 1 arguments, but got 2.
src/routes/referral.routes.ts(28,15): error TS2559: Type '"REFERRAL_GET_CODE"' has no properties in common with type 'AuditOptions'.
src/routes/referral.routes.ts(54,15): error TS2559: Type '"REFERRAL_SEND_INVITE"' has no properties in common with type 'AuditOptions'.
src/routes/referral.routes.ts(115,15): error TS2559: Type '"REFERRAL_GET_STATS"' has no properties in common with type 'AuditOptions'.
src/routes/referral.routes.ts(172,15): error TS2559: Type '"REFERRAL_TRACK_SIGNUP"' has no properties in common with type 'AuditOptions'.
src/routes/referral.routes.ts(199,15): error TS2559: Type '"REFERRAL_TRACK_CONVERSION"' has no properties in common with type 'AuditOptions'.
src/routes/referral.routes.ts(256,15): error TS2559: Type '"REFERRAL_CLEANUP"' has no properties in common with type 'AuditOptions'.
src/routes/request-mock.routes.ts(93,55): error TS2551: Property 'category' does not exist on type '{ id: string; title: string; description: string; Category: string; status: string; priority: string; address: string; city: string; province: string; postalCode: string; createdAt: string; updatedAt: string; ... 7 more ...; quotes: { ...; }[]; }'. Did you mean 'Category'?
src/routes/request.routes.ts(697,72): error TS2554: Expected 1 arguments, but got 2.
src/routes/request.routes.ts(1063,71): error TS2554: Expected 1 arguments, but got 2.
src/routes/request.routes.ts(1079,77): error TS2554: Expected 1 arguments, but got 2.
src/routes/request.routes.ts(1133,77): error TS2554: Expected 1 arguments, but got 2.
src/routes/request.routes.ts(1373,59): error TS2554: Expected 1 arguments, but got 2.
src/routes/reviews.routes.ts(37,15): error TS2559: Type '"CREATE_REVIEW"' has no properties in common with type 'AuditOptions'.
src/routes/reviews.routes.ts(209,15): error TS2559: Type '"DELETE_REVIEW"' has no properties in common with type 'AuditOptions'.
src/routes/security.routes.ts(8,11): error TS2430: Interface 'AuthRequest' incorrectly extends interface 'Request<ParamsDictionary, any, any, ParsedQs, Record<string, any>>'.
  Types of property 'user' are incompatible.
    Type '{ id: string; email: string; role: string; }' is missing the following properties from type '{ phone: string; id: string; status: string; latitude: number; longitude: number; createdAt: Date; updatedAt: Date; address: string; city: string; province: string; postalCode: string; ... 51 more ...; referralCode: string; }': phone, status, latitude, longitude, and 56 more.
src/routes/security.routes.ts(186,33): error TS2339: Property 'PERMISSION_DENIED' does not exist on type '{ LOGIN_SUCCESS: "LOGIN_SUCCESS"; LOGIN_FAILED: "LOGIN_FAILED"; LOGOUT: "LOGOUT"; PASSWORD_CHANGED: "PASSWORD_CHANGED"; PASSWORD_RESET_REQUESTED: "PASSWORD_RESET_REQUESTED"; PASSWORD_RESET_COMPLETED: "PASSWORD_RESET_COMPLETED"; ... 46 more ...; CLEANUP_CONFIG_UPDATED: "CLEANUP_CONFIG_UPDATED"; }'.
src/routes/security.routes.ts(210,27): error TS2339: Property 'details' does not exist on type '{ user: { email: string; firstName: string; lastName: string; }; } & { id: string; timestamp: Date; userId: string; requestId: string; category: LogCategory; metadata: JsonValue; ... 17 more ...; severity: LogSeverity; }'.
src/routes/security.routes.ts(221,26): error TS2339: Property 'PERMISSION_DENIED' does not exist on type '{ LOGIN_SUCCESS: "LOGIN_SUCCESS"; LOGIN_FAILED: "LOGIN_FAILED"; LOGOUT: "LOGOUT"; PASSWORD_CHANGED: "PASSWORD_CHANGED"; PASSWORD_RESET_REQUESTED: "PASSWORD_RESET_REQUESTED"; PASSWORD_RESET_COMPLETED: "PASSWORD_RESET_COMPLETED"; ... 46 more ...; CLEANUP_CONFIG_UPDATED: "CLEANUP_CONFIG_UPDATED"; }'.
src/routes/security.routes.ts(367,9): error TS2353: Object literal may only specify known properties, and 'details' does not exist in type '(Without<AuditLogCreateInput, AuditLogUncheckedCreateInput> & AuditLogUncheckedCreateInput) | (Without<...> & AuditLogCreateInput)'.
src/routes/travel.routes.ts(671,9): error TS2345: Argument of type '{ code: string; }' is not assignable to parameter of type 'string'.
src/routes/travel.routes.ts(682,9): error TS2345: Argument of type '{ code: string; }' is not assignable to parameter of type 'string'.
src/routes/travel.routes.ts(700,9): error TS2345: Argument of type '{ code: string; }' is not assignable to parameter of type 'string'.
src/routes/travel.routes.ts(713,9): error TS2345: Argument of type '{ code: string; }' is not assignable to parameter of type 'string'.
src/routes/travel.routes.ts(719,51): error TS2339: Property 'travelRatePerKm' does not exist on type '{ id: string; address: string; city: string; province: string; postalCode: string; firstName: string; lastName: string; workAddress: string; workCity: string; workProvince: string; workPostalCode: string; }'.
src/routes/travel.routes.ts(753,7): error TS2345: Argument of type '{ error: any; }' is not assignable to parameter of type 'string'.
src/routes/travel.routes.ts(769,9): error TS2345: Argument of type '{ code: string; }' is not assignable to parameter of type 'string'.
src/routes/travel.routes.ts(790,9): error TS2345: Argument of type '{ code: string; }' is not assignable to parameter of type 'string'.
src/routes/travel.routes.ts(816,7): error TS2345: Argument of type '{ error: any; }' is not assignable to parameter of type 'string'.
src/routes/travelCostRoutes.ts(31,43): error TS2345: Argument of type '{ professionalId: string; baseCost: number; freeDistanceKm: number; isActive: boolean; costRanges: { fromKm: number; toKm: number; costPerKm: number; }[]; supplements: { supplementType: string; percentage: number; fixedAmount: number; isActive: boolean; }[]; }' is not assignable to parameter of type 'string'.
src/routes/travelCostRoutes.ts(34,36): error TS2345: Argument of type 'Response<any, Record<string, any>, number>' is not assignable to parameter of type 'string'.
src/routes/travelCostRoutes.ts(40,41): error TS2345: Argument of type '{}' is not assignable to parameter of type 'string'.
src/routes/user-subcategories.routes.ts(82,7): error TS2322: Type '{ subcategoryId?: string; experienceLevel?: "BASIC" | "INTERMEDIATE" | "ADVANCED" | "EXPERT"; }[]' is not assignable to type '{ subcategoryId: string; experienceLevel: string; }[]'.
  Type '{ subcategoryId?: string; experienceLevel?: "BASIC" | "INTERMEDIATE" | "ADVANCED" | "EXPERT"; }' is not assignable to type '{ subcategoryId: string; experienceLevel: string; }'.
    Property 'subcategoryId' is optional in type '{ subcategoryId?: string; experienceLevel?: "BASIC" | "INTERMEDIATE" | "ADVANCED" | "EXPERT"; }' but required in type '{ subcategoryId: string; experienceLevel: string; }'.
src/routes/user-subcategories.routes.ts(327,7): error TS2322: Type '{ subcategoryId?: string; experienceLevel?: "BASIC" | "INTERMEDIATE" | "ADVANCED" | "EXPERT"; }[]' is not assignable to type '{ subcategoryId: string; experienceLevel: string; }[]'.
  Type '{ subcategoryId?: string; experienceLevel?: "BASIC" | "INTERMEDIATE" | "ADVANCED" | "EXPERT"; }' is not assignable to type '{ subcategoryId: string; experienceLevel: string; }'.
    Property 'subcategoryId' is optional in type '{ subcategoryId?: string; experienceLevel?: "BASIC" | "INTERMEDIATE" | "ADVANCED" | "EXPERT"; }' but required in type '{ subcategoryId: string; experienceLevel: string; }'.
src/routes/whatsapp-clean.routes.ts(7,30): error TS2307: Cannot find module '../../middleware/auth' or its corresponding type declarations.
src/routes/whatsapp-clean.routes.ts(8,27): error TS2307: Cannot find module '../../middleware/checkRole' or its corresponding type declarations.
src/routes/whatsapp-clean.routes.ts(9,35): error TS2307: Cannot find module '../../utils/responseFormatter' or its corresponding type declarations.
src/routes/whatsapp-clean.routes.ts(10,29): error TS2307: Cannot find module '../../services/whatsapp-unified.service' or its corresponding type declarations.
src/routes/whatsapp-clean.routes.ts(11,20): error TS2307: Cannot find module '../../utils/logger' or its corresponding type declarations.
src/routes/whatsapp.routes.ts(32,48): error TS2559: Type '"WHATSAPP_SEND"' has no properties in common with type 'AuditOptions'.
src/routes/whatsapp.routes.ts(104,90): error TS2559: Type '"WHATSAPP_SEND_BULK"' has no properties in common with type 'AuditOptions'.
src/routes/whatsapp.routes.ts(240,62): error TS2559: Type '"WHATSAPP_TEMPLATE_SEND"' has no properties in common with type 'AuditOptions'.
src/routes/whatsapp.routes.ts(274,104): error TS2559: Type '"WHATSAPP_TEMPLATE_BULK"' has no properties in common with type 'AuditOptions'.
src/routes/whatsapp.routes.ts(565,9): error TS2353: Object literal may only specify known properties, and 'contact' does not exist in type 'WhatsAppMessageInclude<DefaultArgs>'.
src/routes/whatsapp.routes.ts(985,10): error TS2440: Import declaration conflicts with local declaration of 'prisma'.
src/server_mio.ts(156,44): error TS2307: Cannot find module './routes/professional-registration.routes' or its corresponding type declarations.
src/server_mio.ts(160,42): error TS2307: Cannot find module './routes/professional-ai-settings.routes' or its corresponding type declarations.
src/server_mio.ts(404,42): error TS2307: Cannot find module './routes/professional-ai-settings.routes' or its corresponding type declarations.
src/services/ai-duale-helper.service.ts(158,33): error TS2339: Property 'professionalWhatsApp' does not exist on type 'PrismaClient<{ log: ("warn" | "error")[]; }, "warn" | "error", DefaultArgs>'.
src/services/ai-duale-helper.service.ts(210,18): error TS2339: Property 'professionalWhatsAppMessage' does not exist on type 'PrismaClient<{ log: ("warn" | "error")[]; }, "warn" | "error", DefaultArgs>'.
src/services/ai-professional.service.ts(86,23): error TS2339: Property 'professionalId' does not exist on type 'AiChatRequest'.
src/services/ai-professional.service.ts(90,54): error TS2339: Property 'professionalId' does not exist on type 'AiChatRequest'.
src/services/ai-professional.service.ts(101,45): error TS2339: Property 'professionalId' does not exist on type 'AiChatRequest'.
src/services/ai-professional.service.ts(118,45): error TS2339: Property 'professionalId' does not exist on type 'AiChatRequest'.
src/services/ai-professional.service.ts(184,50): error TS2339: Property 'professionalId' does not exist on type 'AiChatRequest'.
src/services/ai-professional.service.ts(188,23): error TS2339: Property 'professionalId' does not exist on type 'AiChatRequest'.
src/services/ai-professional.service.ts(195,25): error TS2339: Property 'professionalId' does not exist on type 'AiChatRequest'.
src/services/ai-simple.service.ts(69,13): error TS2561: Object literal may only specify known properties, but 'Client' does not exist in type 'AssistanceRequestInclude<DefaultArgs>'. Did you mean to write 'client'?
src/services/ai.service.ts(249,33): error TS2339: Property 'choices' does not exist on type 'unknown'.
src/services/ai.service.ts(254,30): error TS2339: Property 'usage' does not exist on type 'unknown'.
src/services/ai.service.ts(306,32): error TS2339: Property 'data' does not exist on type 'unknown'.
src/services/backup.service.ts(176,35): error TS2345: Argument of type 'AuditLogData' is not assignable to parameter of type 'AuditLogData'.
  Property 'ipAddress' is optional in type 'AuditLogData' but required in type 'AuditLogData'.
src/services/backup.service.ts(199,54): error TS2554: Expected 1 arguments, but got 2.
src/services/backup.service.ts(216,9): error TS2322: Type '"FULL" | "DATABASE" | "CODE" | "INCREMENTAL" | "DIFFERENTIAL" | "UPLOADS"' is not assignable to type 'BackupType | "UPLOADS"'.
  Type '"FULL"' is not assignable to type 'BackupType | "UPLOADS"'.
src/services/backup.service.ts(227,33): error TS2345: Argument of type 'AuditLogData' is not assignable to parameter of type 'AuditLogData'.
  Property 'ipAddress' is optional in type 'AuditLogData' but required in type 'AuditLogData'.
src/services/backup.service.ts(242,54): error TS2554: Expected 1 arguments, but got 2.
src/services/backup.service.ts(327,9): error TS2322: Type '"FULL" | "DATABASE" | "CODE" | "INCREMENTAL" | "DIFFERENTIAL" | "UPLOADS"' is not assignable to type 'BackupType | "UPLOADS"'.
  Type '"FULL"' is not assignable to type 'BackupType | "UPLOADS"'.
src/services/backup.service.ts(400,9): error TS2322: Type '"FULL" | "DATABASE" | "CODE" | "INCREMENTAL" | "DIFFERENTIAL" | "UPLOADS"' is not assignable to type 'BackupType | "UPLOADS"'.
  Type '"FULL"' is not assignable to type 'BackupType | "UPLOADS"'.
src/services/backup.service.ts(528,35): error TS2345: Argument of type 'AuditLogData' is not assignable to parameter of type 'AuditLogData'.
  Property 'ipAddress' is optional in type 'AuditLogData' but required in type 'AuditLogData'.
src/services/backup.service.ts(640,33): error TS2345: Argument of type 'AuditLogData' is not assignable to parameter of type 'AuditLogData'.
  Property 'ipAddress' is optional in type 'AuditLogData' but required in type 'AuditLogData'.
src/services/backup.service.ts(800,33): error TS2345: Argument of type 'AuditLogData' is not assignable to parameter of type 'AuditLogData'.
  Property 'ipAddress' is optional in type 'AuditLogData' but required in type 'AuditLogData'.
src/services/backup.service.ts(834,60): error TS2554: Expected 1 arguments, but got 2.
src/services/backup.service.ts(854,39): error TS2339: Property 'sendEmail' does not exist on type 'NotificationService'.
src/services/backup.service.ts(885,35): error TS2345: Argument of type 'AuditLogData' is not assignable to parameter of type 'AuditLogData'.
  Property 'ipAddress' is optional in type 'AuditLogData' but required in type 'AuditLogData'.
src/services/backup.service.ts(919,60): error TS2554: Expected 1 arguments, but got 2.
src/services/backup.service.ts(1054,33): error TS2345: Argument of type 'AuditLogData' is not assignable to parameter of type 'AuditLogData'.
  Property 'ipAddress' is optional in type 'AuditLogData' but required in type 'AuditLogData'.
src/services/backup.service.ts(1087,60): error TS2554: Expected 1 arguments, but got 2.
src/services/calendar/calendar.service.ts(46,61): error TS2345: Argument of type '"google_calendar"' is not assignable to parameter of type '"STRIPE" | "whatsapp" | "GOOGLE_MAPS" | "BREVO" | "OPENAI" | "TINYMCE" | "STRIPE_PUBLIC" | "STRIPE_WEBHOOK"'.
src/services/calendar/calendar.service.ts(257,7): error TS2322: Type '{ id: any; requestId: any; professionalId: any; proposedDate: Date; confirmedDate: Date; estimatedDuration: any; description: any; notes: any; status: any; clientConfirmed: any; createdBy: any; }' is not assignable to type '(Without<ScheduledInterventionCreateInput, ScheduledInterventionUncheckedCreateInput> & ScheduledInterventionUncheckedCreateInput) | (Without<...> & ScheduledInterventionCreateInput)'.
  Type '{ id: any; requestId: any; professionalId: any; proposedDate: Date; confirmedDate: Date; estimatedDuration: any; description: any; notes: any; status: any; clientConfirmed: any; createdBy: any; }' is not assignable to type 'Without<ScheduledInterventionUncheckedCreateInput, ScheduledInterventionCreateInput> & ScheduledInterventionCreateInput'.
    Type '{ id: any; requestId: any; professionalId: any; proposedDate: Date; confirmedDate: Date; estimatedDuration: any; description: any; notes: any; status: any; clientConfirmed: any; createdBy: any; }' is not assignable to type 'Without<ScheduledInterventionUncheckedCreateInput, ScheduledInterventionCreateInput>'.
      Types of property 'requestId' are incompatible.
        Type 'any' is not assignable to type 'never'.
src/services/calendar/calendar.service.ts(282,22): error TS2551: Property 'request' does not exist on type '{ id: string; status: string; createdAt: Date; updatedAt: Date; requestId: string; description: string; professionalId: string; createdBy: string; notes: string; proposedDate: Date; ... 4 more ...; clientDeclineReason: string; }'. Did you mean 'requestId'?
src/services/calendar/calendar.service.ts(284,30): error TS2551: Property 'request' does not exist on type '{ id: string; status: string; createdAt: Date; updatedAt: Date; requestId: string; description: string; professionalId: string; createdBy: string; notes: string; proposedDate: Date; ... 4 more ...; clientDeclineReason: string; }'. Did you mean 'requestId'?
src/services/cleanup-config.service.ts(486,7): error TS2322: Type '{ createdAt: Date; executionId: string; operation: string; status: string; targetPath?: string; filesProcessed?: number; totalSize?: bigint; executedBy?: string; startedAt?: Date; completedAt?: Date; errorMessage?: string; }' is not assignable to type '(Without<CleanupLogCreateInput, CleanupLogUncheckedCreateInput> & CleanupLogUncheckedCreateInput) | (Without<...> & CleanupLogCreateInput)'.
  Type '{ createdAt: Date; executionId: string; operation: string; status: string; targetPath?: string; filesProcessed?: number; totalSize?: bigint; executedBy?: string; startedAt?: Date; completedAt?: Date; errorMessage?: string; }' is not assignable to type 'Without<CleanupLogUncheckedCreateInput, CleanupLogCreateInput> & CleanupLogCreateInput'.
    Type '{ createdAt: Date; executionId: string; operation: string; status: string; targetPath?: string; filesProcessed?: number; totalSize?: bigint; executedBy?: string; startedAt?: Date; completedAt?: Date; errorMessage?: string; }' is not assignable to type 'CleanupLogCreateInput'.
      Property 'executedBy' is optional in type '{ createdAt: Date; executionId: string; operation: string; status: string; targetPath?: string; filesProcessed?: number; totalSize?: bigint; executedBy?: string; startedAt?: Date; completedAt?: Date; errorMessage?: string; }' but required in type 'CleanupLogCreateInput'.
src/services/cleanup.service.ts(73,9): error TS2393: Duplicate function implementation.
src/services/cleanup.service.ts(128,39): error TS2339: Property 'pattern' does not exist on type 'string'.
src/services/cleanup.service.ts(276,41): error TS2339: Property 'pattern' does not exist on type 'string'.
src/services/cleanup.service.ts(323,9): error TS2393: Duplicate function implementation.
src/services/dual-kb.service.ts(31,39): error TS2339: Property 'professionalSubcategoryDualConfig' does not exist on type 'PrismaClient<{ log: ("warn" | "error")[]; }, "warn" | "error", DefaultArgs>'.
src/services/dual-kb.service.ts(90,37): error TS2339: Property 'professionalSubcategoryDualConfig' does not exist on type 'PrismaClient<{ log: ("warn" | "error")[]; }, "warn" | "error", DefaultArgs>'.
src/services/dual-kb.service.ts(99,22): error TS2339: Property 'professionalSubcategoryDualConfig' does not exist on type 'PrismaClient<{ log: ("warn" | "error")[]; }, "warn" | "error", DefaultArgs>'.
src/services/dual-kb.service.ts(108,22): error TS2339: Property 'professionalSubcategoryDualConfig' does not exist on type 'PrismaClient<{ log: ("warn" | "error")[]; }, "warn" | "error", DefaultArgs>'.
src/services/dual-kb.service.ts(137,37): error TS2339: Property 'professionalSubcategoryDualConfig' does not exist on type 'PrismaClient<{ log: ("warn" | "error")[]; }, "warn" | "error", DefaultArgs>'.
src/services/dual-kb.service.ts(146,22): error TS2339: Property 'professionalSubcategoryDualConfig' does not exist on type 'PrismaClient<{ log: ("warn" | "error")[]; }, "warn" | "error", DefaultArgs>'.
src/services/dual-kb.service.ts(155,22): error TS2339: Property 'professionalSubcategoryDualConfig' does not exist on type 'PrismaClient<{ log: ("warn" | "error")[]; }, "warn" | "error", DefaultArgs>'.
src/services/dual-kb.service.ts(258,11): error TS2353: Object literal may only specify known properties, and 'basePrice' does not exist in type 'SubcategorySelect<DefaultArgs>'.
src/services/dual-kb.service.ts(342,36): error TS2339: Property 'professionalSubcategoryDualConfig' does not exist on type 'PrismaClient<{ log: ("warn" | "error")[]; }, "warn" | "error", DefaultArgs>'.
src/services/dual-mode-detector.service.ts(70,43): error TS2339: Property 'professionalWhatsApp' does not exist on type 'PrismaClient<{ log: ("warn" | "error")[]; }, "warn" | "error", DefaultArgs>'.
src/services/dual-mode-detector.service.ts(238,43): error TS2339: Property 'professionalWhatsApp' does not exist on type 'PrismaClient<{ log: ("warn" | "error")[]; }, "warn" | "error", DefaultArgs>'.
src/services/dual-mode-detector.service.ts(247,22): error TS2339: Property 'professionalWhatsApp' does not exist on type 'PrismaClient<{ log: ("warn" | "error")[]; }, "warn" | "error", DefaultArgs>'.
src/services/dual-mode-detector.service.ts(280,43): error TS2339: Property 'professionalWhatsApp' does not exist on type 'PrismaClient<{ log: ("warn" | "error")[]; }, "warn" | "error", DefaultArgs>'.
src/services/dual-mode-detector.service.ts(289,22): error TS2339: Property 'professionalWhatsApp' does not exist on type 'PrismaClient<{ log: ("warn" | "error")[]; }, "warn" | "error", DefaultArgs>'.
src/services/dual-mode-detector.service.ts(322,43): error TS2339: Property 'professionalWhatsApp' does not exist on type 'PrismaClient<{ log: ("warn" | "error")[]; }, "warn" | "error", DefaultArgs>'.
src/services/dual-mode-detector.service.ts(338,20): error TS2339: Property 'professionalWhatsApp' does not exist on type 'PrismaClient<{ log: ("warn" | "error")[]; }, "warn" | "error", DefaultArgs>'.
src/services/dual-mode-detector.service.ts(369,20): error TS2339: Property 'professionalWhatsAppDetectionOverride' does not exist on type 'PrismaClient<{ log: ("warn" | "error")[]; }, "warn" | "error", DefaultArgs>'.
src/services/dual-mode-detector.service.ts(404,38): error TS2339: Property 'professionalWhatsAppAnalytics' does not exist on type 'PrismaClient<{ log: ("warn" | "error")[]; }, "warn" | "error", DefaultArgs>'.
src/services/dual-mode-detector.service.ts(493,43): error TS2339: Property 'professionalWhatsApp' does not exist on type 'PrismaClient<{ log: ("warn" | "error")[]; }, "warn" | "error", DefaultArgs>'.
src/services/dual-mode-detector.service.ts(504,20): error TS2339: Property 'professionalWhatsAppContact' does not exist on type 'PrismaClient<{ log: ("warn" | "error")[]; }, "warn" | "error", DefaultArgs>'.
src/services/dual-mode-detector.service.ts(532,43): error TS2339: Property 'professionalWhatsApp' does not exist on type 'PrismaClient<{ log: ("warn" | "error")[]; }, "warn" | "error", DefaultArgs>'.
src/services/dual-mode-detector.service.ts(543,22): error TS2339: Property 'professionalWhatsAppDetectionOverride' does not exist on type 'PrismaClient<{ log: ("warn" | "error")[]; }, "warn" | "error", DefaultArgs>'.
src/services/email.service.ts(140,37): error TS2551: Property 'createTransporter' does not exist on type 'typeof import("/Users/lucamambelli/Desktop/Richiesta-Assistenza/backend/node_modules/@types/nodemailer/index")'. Did you mean 'createTransport'?
src/services/email.service.ts(229,20): error TS2339: Property 'emailLog' does not exist on type 'PrismaClient<{ log: ("warn" | "error")[]; }, "warn" | "error", DefaultArgs>'.
src/services/email.service.ts(248,22): error TS2339: Property 'emailLog' does not exist on type 'PrismaClient<{ log: ("warn" | "error")[]; }, "warn" | "error", DefaultArgs>'.
src/services/email.service.ts(301,9): error TS2322: Type '{ key: string; value: string; description: string; }' is not assignable to type '(Without<SystemSettingCreateInput, SystemSettingUncheckedCreateInput> & SystemSettingUncheckedCreateInput) | (Without<...> & SystemSettingCreateInput)'.
  Type '{ key: string; value: string; description: string; }' is not assignable to type 'Without<SystemSettingUncheckedCreateInput, SystemSettingCreateInput> & SystemSettingCreateInput'.
    Type '{ key: string; value: string; description: string; }' is missing the following properties from type 'SystemSettingCreateInput': id, label, updatedAt
src/services/email.service.ts(381,33): error TS2339: Property 'emailLog' does not exist on type 'PrismaClient<{ log: ("warn" | "error")[]; }, "warn" | "error", DefaultArgs>'.
src/services/file.service.ts(105,11): error TS2353: Object literal may only specify known properties, and 'recipientId' does not exist in type '(Without<RequestAttachmentCreateInput, RequestAttachmentUncheckedCreateInput> & RequestAttachmentUncheckedCreateInput) | (Without<...> & RequestAttachmentCreateInput)'.
src/services/file.service.ts(208,31): error TS2304: Cannot find name 'userId'.
src/services/file.service.ts(209,41): error TS2304: Cannot find name 'userId'.
src/services/file.service.ts(210,47): error TS2304: Cannot find name 'userId'.
src/services/footer.service.ts(29,37): error TS2339: Property 'footerSection' does not exist on type 'PrismaClient<PrismaClientOptions, LogLevel, DefaultArgs>'.
src/services/footer.service.ts(34,34): error TS2339: Property 'footerLink' does not exist on type 'PrismaClient<PrismaClientOptions, LogLevel, DefaultArgs>'.
src/services/footer.service.ts(60,34): error TS2339: Property 'footerLink' does not exist on type 'PrismaClient<PrismaClientOptions, LogLevel, DefaultArgs>'.
src/services/footer.service.ts(79,33): error TS2339: Property 'footerLink' does not exist on type 'PrismaClient<PrismaClientOptions, LogLevel, DefaultArgs>'.
src/services/footer.service.ts(104,33): error TS2339: Property 'footerLink' does not exist on type 'PrismaClient<PrismaClientOptions, LogLevel, DefaultArgs>'.
src/services/footer.service.ts(125,20): error TS2339: Property 'footerLink' does not exist on type 'PrismaClient<PrismaClientOptions, LogLevel, DefaultArgs>'.
src/services/footer.service.ts(141,36): error TS2339: Property 'footerSection' does not exist on type 'PrismaClient<PrismaClientOptions, LogLevel, DefaultArgs>'.
src/services/footer.service.ts(210,42): error TS2339: Property 'footerLink' does not exist on type 'PrismaClient<PrismaClientOptions, LogLevel, DefaultArgs>'.
src/services/geocoding.service.ts(171,11): error TS2322: Type '"metric"' is not assignable to type 'UnitSystem'.
src/services/geocoding.service.ts(284,11): error TS2353: Object literal may only specify known properties, and 'optimizeWaypoints' does not exist in type '{ origin: LatLng; destination: LatLng; mode?: TravelMode; waypoints?: LatLng[]; alternatives?: boolean; avoid?: TravelRestriction[]; ... 8 more ...; optimize?: boolean; } & RequestParams'.
src/services/health-check-automation/auto-remediation.ts(504,24): error TS2339: Property 'session' does not exist on type 'PrismaClient<PrismaClientOptions, LogLevel, DefaultArgs>'.
src/services/health-check-automation/auto-remediation.ts(560,11): error TS2353: Object literal may only specify known properties, and 'isActive' does not exist in type 'UserWhereInput'.
src/services/health-check-automation/orchestrator.ts(71,57): error TS2339: Property 'executeForModule' does not exist on type 'AutoRemediationSystem'.
src/services/health-check-automation/orchestrator.ts(155,42): error TS2339: Property 'generateReport' does not exist on type 'HealthCheckReportGenerator'.
src/services/health-check-automation/report-generator.ts(374,11): error TS2353: Object literal may only specify known properties, and 'isActive' does not exist in type 'UserWhereInput'.
src/services/health-check-automation/scheduler.ts(204,29): error TS2345: Argument of type 'SystemHealthSummary' is not assignable to parameter of type 'HealthCheckResult'.
  Type 'SystemHealthSummary' is missing the following properties from type 'HealthCheckResult': module, timestamp, status, score, and 4 more.
src/services/health-check-automation/scheduler.ts(207,30): error TS2345: Argument of type 'SystemHealthSummary' is not assignable to parameter of type 'HealthCheckResult'.
  Type 'SystemHealthSummary' is missing the following properties from type 'HealthCheckResult': module, timestamp, status, score, and 4 more.
src/services/health-check-automation/scheduler.ts(209,70): error TS2339: Property 'score' does not exist on type 'SystemHealthSummary'.
src/services/health-check-automation/scheduler.ts(210,7): error TS2740: Type 'SystemHealthSummary' is missing the following properties from type 'HealthCheckResult': module, timestamp, status, score, and 4 more.
src/services/healthCheck.service.ts(1527,22): error TS2345: Argument of type 'SystemHealthSummary' is not assignable to parameter of type 'HealthCheckResult'.
  Type 'SystemHealthSummary' is missing the following properties from type 'HealthCheckResult': module, displayName, timestamp, status, and 7 more.
src/services/healthCheck.service.ts(1550,22): error TS2345: Argument of type 'SystemHealthSummary' is not assignable to parameter of type 'HealthCheckResult'.
  Type 'SystemHealthSummary' is missing the following properties from type 'HealthCheckResult': module, displayName, timestamp, status, and 7 more.
src/services/healthCheck.service.ts(1577,5): error TS2740: Type 'SystemHealthSummary' is missing the following properties from type 'HealthCheckResult': module, displayName, timestamp, status, and 7 more.
src/services/healthCheck.service.ts(1634,25): error TS2339: Property 'data' does not exist on type '{ id: string; status: string; timestamp: Date; createdAt: Date; updatedAt: Date; errors: string[]; module: string; checks: JsonValue; metrics: JsonValue; warnings: string[]; score: number; executionTime: number; }'.
src/services/healthCheckSeparateModules.service.ts(728,36): error TS2339: Property 'aIUsageLog' does not exist on type 'PrismaClient<PrismaClientOptions, LogLevel, DefaultArgs>'.
src/services/healthCheckSeparateModules.service.ts(789,39): error TS2339: Property 'aIUsageLog' does not exist on type 'PrismaClient<PrismaClientOptions, LogLevel, DefaultArgs>'.
src/services/interventionMaterial.service.ts(116,43): error TS2551: Property 'category' does not exist on type '{ id: string; code: string; name: string; description: string; Category: string; unit: string; defaultPrice: number; vatRate: number; barcode: string; manufacturer: string; manufacturerCode: string; ... 6 more ...; createdAt: Date; }'. Did you mean 'Category'?
src/services/interventionProfessional.service.ts(131,39): error TS2551: Property 'category' does not exist on type '{ id: string; professionalId: string; Category: string; code: string; title: string; content: string; tags: string[]; usageCount: number; lastUsedAt: Date; isActive: boolean; isFavorite: boolean; createdAt: Date; }'. Did you mean 'Category'?
src/services/interventionProfessional.service.ts(292,39): error TS2551: Property 'category' does not exist on type '{ id: string; professionalId: string; code: string; name: string; description: string; Category: string; unit: string; price: number; isActive: boolean; usageCount: number; lastUsedAt: Date; createdAt: Date; }'. Did you mean 'Category'?
src/services/interventionReportOperations.service.ts(128,56): error TS2339: Property 'getReportById' does not exist on type 'InterventionReportService'.
src/services/interventionTemplate.service.ts(147,20): error TS2304: Cannot find name 'userId'.
src/services/interventionTemplate.service.ts(212,20): error TS2304: Cannot find name 'userId'.
src/services/invoice.service.ts(25,19): error TS2305: Module '"@prisma/client"' has no exported member 'CreditNote'.
src/services/invoice.service.ts(280,11): error TS2561: Object literal may only specify known properties, but 'customerData' does not exist in type '(Without<InvoiceCreateInput, InvoiceUncheckedCreateInput> & InvoiceUncheckedCreateInput) | (Without<...> & InvoiceCreateInput)'. Did you mean to write 'customer'?
src/services/invoice.service.ts(280,25): error TS2352: Conversion of type 'CustomerData' to type 'InputJsonValue' may be a mistake because neither type sufficiently overlaps with the other. If this was intentional, convert the expression to 'unknown' first.
  Type 'CustomerData' is not comparable to type 'InputJsonObject'.
    Index signature for type 'string' is missing in type 'CustomerData'.
src/services/invoice.service.ts(282,22): error TS2352: Conversion of type 'LineItem[]' to type 'InputJsonValue' may be a mistake because neither type sufficiently overlaps with the other. If this was intentional, convert the expression to 'unknown' first.
  Type 'LineItem[]' is not comparable to type 'InputJsonObject'.
    Index signature for type 'string' is missing in type 'LineItem[]'.
src/services/invoice.service.ts(307,30): error TS2551: Property 'totalAmount' does not exist on type '{ id: string; status: InvoiceStatus; createdAt: Date; updatedAt: Date; requestId: string; professionalId: string; metadata: JsonValue; createdBy: string; ... 18 more ...; generatedAt: Date; }'. Did you mean 'taxAmount'?
src/services/invoice.service.ts(367,17): error TS2561: Object literal may only specify known properties, but 'invoiceId' does not exist in type '(Without<PaymentUpdateInput, PaymentUncheckedUpdateInput> & PaymentUncheckedUpdateInput) | (Without<...> & PaymentUpdateInput)'. Did you mean to write 'invoices'?
src/services/invoice.service.ts(411,11): error TS2353: Object literal may only specify known properties, and 'isElectronic' does not exist in type '(Without<InvoiceUpdateInput, InvoiceUncheckedUpdateInput> & InvoiceUncheckedUpdateInput) | (Without<...> & InvoiceUpdateInput)'.
src/services/invoice.service.ts(423,29): error TS2352: Conversion of type 'string' to type 'SystemSettingsValue' may be a mistake because neither type sufficiently overlaps with the other. If this was intentional, convert the expression to 'unknown' first.
src/services/invoice.service.ts(430,13): error TS2561: Object literal may only specify known properties, but 'sdiStatus' does not exist in type '(Without<InvoiceUpdateInput, InvoiceUncheckedUpdateInput> & InvoiceUncheckedUpdateInput) | (Without<...> & InvoiceUpdateInput)'. Did you mean to write 'status'?
src/services/invoice.service.ts(560,34): error TS2551: Property 'totalAmount' does not exist on type '{ professional: { phone: string; id: string; status: string; latitude: number; longitude: number; createdAt: Date; updatedAt: Date; address: string; city: string; province: string; postalCode: string; ... 51 more ...; referralCode: string; }; customer: { ...; }; } & { ...; }'. Did you mean 'taxAmount'?
src/services/invoice.service.ts(576,11): error TS2353: Object literal may only specify known properties, and 'sentAt' does not exist in type '(Without<InvoiceUpdateInput, InvoiceUncheckedUpdateInput> & InvoiceUncheckedUpdateInput) | (Without<...> & InvoiceUpdateInput)'.
src/services/invoice.service.ts(725,35): error TS2339: Property 'taxRate' does not exist on type '{ professional: { phone: string; id: string; status: string; latitude: number; longitude: number; createdAt: Date; updatedAt: Date; address: string; city: string; province: string; postalCode: string; ... 51 more ...; referralCode: string; }; customer: { ...; }; } & { ...; }'.
src/services/invoice.service.ts(731,43): error TS2551: Property 'totalAmount' does not exist on type '{ professional: { phone: string; id: string; status: string; latitude: number; longitude: number; createdAt: Date; updatedAt: Date; address: string; city: string; province: string; postalCode: string; ... 51 more ...; referralCode: string; }; customer: { ...; }; } & { ...; }'. Did you mean 'taxAmount'?
src/services/invoice.service.ts(791,31): error TS2339: Property 'paidAmount' does not exist on type '{ id: string; status: InvoiceStatus; createdAt: Date; updatedAt: Date; requestId: string; professionalId: string; metadata: JsonValue; createdBy: string; ... 18 more ...; generatedAt: Date; }'.
src/services/invoice.service.ts(793,35): error TS2551: Property 'totalAmount' does not exist on type '{ id: string; status: InvoiceStatus; createdAt: Date; updatedAt: Date; requestId: string; professionalId: string; metadata: JsonValue; createdBy: string; ... 18 more ...; generatedAt: Date; }'. Did you mean 'taxAmount'?
src/services/invoice.service.ts(795,32): error TS2551: Property 'totalAmount' does not exist on type '{ id: string; status: InvoiceStatus; createdAt: Date; updatedAt: Date; requestId: string; professionalId: string; metadata: JsonValue; createdBy: string; ... 18 more ...; generatedAt: Date; }'. Did you mean 'taxAmount'?
src/services/invoice.service.ts(798,30): error TS2551: Property 'totalAmount' does not exist on type '{ id: string; status: InvoiceStatus; createdAt: Date; updatedAt: Date; requestId: string; professionalId: string; metadata: JsonValue; createdBy: string; ... 18 more ...; generatedAt: Date; }'. Did you mean 'taxAmount'?
src/services/invoice.service.ts(805,11): error TS2353: Object literal may only specify known properties, and 'paidAmount' does not exist in type '(Without<InvoiceUpdateInput, InvoiceUncheckedUpdateInput> & InvoiceUncheckedUpdateInput) | (Without<...> & InvoiceUpdateInput)'.
src/services/invoice.service.ts(874,38): error TS2339: Property 'paidAmount' does not exist on type '{ id: string; status: InvoiceStatus; createdAt: Date; updatedAt: Date; requestId: string; professionalId: string; metadata: JsonValue; createdBy: string; ... 18 more ...; generatedAt: Date; }'.
src/services/invoice.service.ts(875,52): error TS2551: Property 'totalAmount' does not exist on type '{ id: string; status: InvoiceStatus; createdAt: Date; updatedAt: Date; requestId: string; professionalId: string; metadata: JsonValue; createdBy: string; ... 18 more ...; generatedAt: Date; }'. Did you mean 'taxAmount'?
src/services/invoice.service.ts(880,11): error TS2353: Object literal may only specify known properties, and 'paidAmount' does not exist in type '(Without<InvoiceUpdateInput, InvoiceUncheckedUpdateInput> & InvoiceUncheckedUpdateInput) | (Without<...> & InvoiceUpdateInput)'.
src/services/invoice.service.ts(952,39): error TS2339: Property 'creditNote' does not exist on type 'PrismaClient<{ log: ("warn" | "error")[]; }, "warn" | "error", DefaultArgs>'.
src/services/invoice.service.ts(958,25): error TS2352: Conversion of type 'CustomerData' to type 'InputJsonValue' may be a mistake because neither type sufficiently overlaps with the other. If this was intentional, convert the expression to 'unknown' first.
  Type 'CustomerData' is not comparable to type 'InputJsonObject'.
    Index signature for type 'string' is missing in type 'CustomerData'.
src/services/invoice.service.ts(961,22): error TS2352: Conversion of type 'LineItem[]' to type 'InputJsonValue' may be a mistake because neither type sufficiently overlaps with the other. If this was intentional, convert the expression to 'unknown' first.
  Type 'LineItem[]' is not comparable to type 'InputJsonObject'.
    Index signature for type 'string' is missing in type 'LineItem[]'.
src/services/invoice.service.ts(974,11): error TS2353: Object literal may only specify known properties, and 'paidAmount' does not exist in type '(Without<InvoiceUpdateInput, InvoiceUncheckedUpdateInput> & InvoiceUncheckedUpdateInput) | (Without<...> & InvoiceUpdateInput)'.
src/services/invoice.service.ts(974,40): error TS2339: Property 'paidAmount' does not exist on type '{ id: string; status: InvoiceStatus; createdAt: Date; updatedAt: Date; requestId: string; professionalId: string; metadata: JsonValue; createdBy: string; ... 18 more ...; generatedAt: Date; }'.
src/services/invoice.service.ts(1033,34): error TS2551: Property 'totalAmount' does not exist on type '{ id: string; status: InvoiceStatus; createdAt: Date; updatedAt: Date; requestId: string; professionalId: string; metadata: JsonValue; createdBy: string; ... 18 more ...; generatedAt: Date; }'. Did you mean 'taxAmount'?
src/services/invoice.service.ts(1047,11): error TS2353: Object literal may only specify known properties, and 'reminderSentAt' does not exist in type '(Without<InvoiceUpdateInput, InvoiceUncheckedUpdateInput> & InvoiceUncheckedUpdateInput) | (Without<...> & InvoiceUpdateInput)'.
src/services/invoice.service.ts(1094,41): error TS2339: Property 'creditNote' does not exist on type 'PrismaClient<{ log: ("warn" | "error")[]; }, "warn" | "error", DefaultArgs>'.
src/services/invoice.service.ts(1206,18): error TS2339: Property 'lineItems' does not exist on type '{ id: string; status: InvoiceStatus; createdAt: Date; updatedAt: Date; requestId: string; professionalId: string; metadata: JsonValue; createdBy: string; ... 18 more ...; generatedAt: Date; }'.
src/services/invoice.service.ts(1210,31): error TS2339: Property 'lineItems' does not exist on type '{ id: string; status: InvoiceStatus; createdAt: Date; updatedAt: Date; requestId: string; professionalId: string; metadata: JsonValue; createdBy: string; ... 18 more ...; generatedAt: Date; }'.
src/services/invoice.service.ts(1211,22): error TS2339: Property 'lineItems' does not exist on type '{ id: string; status: InvoiceStatus; createdAt: Date; updatedAt: Date; requestId: string; professionalId: string; metadata: JsonValue; createdBy: string; ... 18 more ...; generatedAt: Date; }'.
src/services/invoice.service.ts(1218,18): error TS2551: Property 'customerData' does not exist on type '{ id: string; status: InvoiceStatus; createdAt: Date; updatedAt: Date; requestId: string; professionalId: string; metadata: JsonValue; createdBy: string; ... 18 more ...; generatedAt: Date; }'. Did you mean 'customerId'?
src/services/invoice.service.ts(1222,24): error TS2551: Property 'customerData' does not exist on type '{ id: string; status: InvoiceStatus; createdAt: Date; updatedAt: Date; requestId: string; professionalId: string; metadata: JsonValue; createdBy: string; ... 18 more ...; generatedAt: Date; }'. Did you mean 'customerId'?
src/services/invoice.service.ts(1223,22): error TS2551: Property 'customerData' does not exist on type '{ id: string; status: InvoiceStatus; createdAt: Date; updatedAt: Date; requestId: string; professionalId: string; metadata: JsonValue; createdBy: string; ... 18 more ...; generatedAt: Date; }'. Did you mean 'customerId'?
src/services/knowledge-base-config.service.ts(42,9): error TS2322: Type '{ id: string; createdAt: Date; updatedAt: Date; professionalId: string; subcategoryId: string; isActive: boolean; targetAudience: string; maxPerDocument: number; maxTotalCharacters: number; ... 13 more ...; cacheTTL: number; } | { ...; }' is not assignable to type '{ id: string; createdAt: Date; updatedAt: Date; professionalId: string; subcategoryId: string; isActive: boolean; targetAudience: string; maxPerDocument: number; maxTotalCharacters: number; ... 13 more ...; cacheTTL: number; }'.
  Type '{ professionalId: string; subcategoryId: string; targetAudience: "client" | "professional"; maxPerDocument: number; maxTotalCharacters: number; searchKeywordMinLength: number; contextBeforeKeyword: number; ... 12 more ...; isActive: boolean; }' is missing the following properties from type '{ id: string; createdAt: Date; updatedAt: Date; professionalId: string; subcategoryId: string; isActive: boolean; targetAudience: string; maxPerDocument: number; maxTotalCharacters: number; ... 13 more ...; cacheTTL: number; }': id, createdAt, updatedAt
src/services/legal-document.service.ts(33,9): error TS2393: Duplicate function implementation.
src/services/legal-document.service.ts(172,9): error TS2322: Type '"LEGAL_DOCUMENT_CREATED"' is not assignable to type 'AuditAction'.
src/services/legal-document.service.ts(179,9): error TS2322: Type '"LEGAL"' is not assignable to type 'LogCategory'.
src/services/legal-document.service.ts(252,9): error TS2322: Type '"LEGAL_VERSION_CREATED"' is not assignable to type 'AuditAction'.
src/services/legal-document.service.ts(263,9): error TS2322: Type '"LEGAL"' is not assignable to type 'LogCategory'.
src/services/legal-document.service.ts(332,9): error TS2322: Type '"LEGAL_VERSION_PUBLISHED"' is not assignable to type 'AuditAction'.
src/services/legal-document.service.ts(340,9): error TS2322: Type '"LEGAL"' is not assignable to type 'LogCategory'.
src/services/legal-document.service.ts(406,9): error TS2322: Type '"LEGAL_DOCUMENT_ACCEPTED"' is not assignable to type 'AuditAction'.
src/services/legal-document.service.ts(417,9): error TS2322: Type '"LEGAL"' is not assignable to type 'LogCategory'.
src/services/legal-document.service.ts(452,9): error TS2393: Duplicate function implementation.
src/services/legal-document.service.ts(587,35): error TS2304: Cannot find name 'NotificationPriority'.
src/services/legal-document.service.ts(690,9): error TS2322: Type '"LEGAL_DATA_EXPORTED"' is not assignable to type 'AuditAction'.
src/services/legal-document.service.ts(696,9): error TS2322: Type '"LEGAL"' is not assignable to type 'LogCategory'.
src/services/location.service.ts(19,10): error TS2724: '"./googleMaps.service"' has no exported member named 'googleMapsService'. Did you mean 'GoogleMapsService'?
src/services/location.service.ts(435,16): error TS2339: Property 'status' does not exist on type 'unknown'.
src/services/location.service.ts(436,57): error TS2339: Property 'status' does not exist on type 'unknown'.
src/services/location.service.ts(439,28): error TS2339: Property 'rows' does not exist on type 'unknown'.
src/services/module.service.ts(21,10): error TS2305: Module '"@prisma/client"' has no exported member 'ModuleCategory'.
src/services/module.service.ts(97,36): error TS2339: Property 'systemModule' does not exist on type 'PrismaClient<{ log: ("warn" | "error")[]; }, "warn" | "error", DefaultArgs>'.
src/services/module.service.ts(140,35): error TS2339: Property 'systemModule' does not exist on type 'PrismaClient<{ log: ("warn" | "error")[]; }, "warn" | "error", DefaultArgs>'.
src/services/module.service.ts(201,36): error TS2339: Property 'systemModule' does not exist on type 'PrismaClient<{ log: ("warn" | "error")[]; }, "warn" | "error", DefaultArgs>'.
src/services/module.service.ts(240,35): error TS2339: Property 'systemModule' does not exist on type 'PrismaClient<{ log: ("warn" | "error")[]; }, "warn" | "error", DefaultArgs>'.
src/services/module.service.ts(282,16): error TS2339: Property 'systemModule' does not exist on type 'PrismaClient<{ log: ("warn" | "error")[]; }, "warn" | "error", DefaultArgs>'.
src/services/module.service.ts(284,16): error TS2339: Property 'systemModule' does not exist on type 'PrismaClient<{ log: ("warn" | "error")[]; }, "warn" | "error", DefaultArgs>'.
src/services/module.service.ts(288,16): error TS2339: Property 'systemModule' does not exist on type 'PrismaClient<{ log: ("warn" | "error")[]; }, "warn" | "error", DefaultArgs>'.
src/services/module.service.ts(292,16): error TS2339: Property 'systemModule' does not exist on type 'PrismaClient<{ log: ("warn" | "error")[]; }, "warn" | "error", DefaultArgs>'.
src/services/module.service.ts(334,36): error TS2339: Property 'systemModule' does not exist on type 'PrismaClient<{ log: ("warn" | "error")[]; }, "warn" | "error", DefaultArgs>'.
src/services/module.service.ts(380,36): error TS2339: Property 'systemModule' does not exist on type 'PrismaClient<{ log: ("warn" | "error")[]; }, "warn" | "error", DefaultArgs>'.
src/services/module.service.ts(406,35): error TS2339: Property 'isEnabled' does not exist on type 'unknown'.
src/services/module.service.ts(423,34): error TS2339: Property 'isEnabled' does not exist on type 'unknown'.
src/services/module.service.ts(469,36): error TS2339: Property 'systemModule' does not exist on type 'PrismaClient<{ log: ("warn" | "error")[]; }, "warn" | "error", DefaultArgs>'.
src/services/module.service.ts(512,35): error TS2339: Property 'systemModule' does not exist on type 'PrismaClient<{ log: ("warn" | "error")[]; }, "warn" | "error", DefaultArgs>'.
src/services/module.service.ts(547,40): error TS2339: Property 'systemModule' does not exist on type 'PrismaClient<{ log: ("warn" | "error")[]; }, "warn" | "error", DefaultArgs>'.
src/services/module.service.ts(605,35): error TS2339: Property 'systemModule' does not exist on type 'PrismaClient<{ log: ("warn" | "error")[]; }, "warn" | "error", DefaultArgs>'.
src/services/module.service.ts(619,43): error TS2339: Property 'systemModule' does not exist on type 'PrismaClient<{ log: ("warn" | "error")[]; }, "warn" | "error", DefaultArgs>'.
src/services/module.service.ts(634,36): error TS2339: Property 'systemModule' does not exist on type 'PrismaClient<{ log: ("warn" | "error")[]; }, "warn" | "error", DefaultArgs>'.
src/services/module.service.ts(646,11): error TS2353: Object literal may only specify known properties, and 'moduleCode' does not exist in type '(Without<ModuleHistoryCreateInput, ModuleHistoryUncheckedCreateInput> & ModuleHistoryUncheckedCreateInput) | (Without<...> & ModuleHistoryCreateInput)'.
src/services/module.service.ts(702,35): error TS2339: Property 'systemModule' does not exist on type 'PrismaClient<{ log: ("warn" | "error")[]; }, "warn" | "error", DefaultArgs>'.
src/services/module.service.ts(719,39): error TS2339: Property 'systemModule' does not exist on type 'PrismaClient<{ log: ("warn" | "error")[]; }, "warn" | "error", DefaultArgs>'.
src/services/module.service.ts(733,36): error TS2339: Property 'systemModule' does not exist on type 'PrismaClient<{ log: ("warn" | "error")[]; }, "warn" | "error", DefaultArgs>'.
src/services/module.service.ts(745,11): error TS2353: Object literal may only specify known properties, and 'moduleCode' does not exist in type '(Without<ModuleHistoryCreateInput, ModuleHistoryUncheckedCreateInput> & ModuleHistoryUncheckedCreateInput) | (Without<...> & ModuleHistoryCreateInput)'.
src/services/module.service.ts(803,35): error TS2339: Property 'systemModule' does not exist on type 'PrismaClient<{ log: ("warn" | "error")[]; }, "warn" | "error", DefaultArgs>'.
src/services/module.service.ts(813,36): error TS2339: Property 'systemModule' does not exist on type 'PrismaClient<{ log: ("warn" | "error")[]; }, "warn" | "error", DefaultArgs>'.
src/services/module.service.ts(821,11): error TS2353: Object literal may only specify known properties, and 'moduleCode' does not exist in type '(Without<ModuleHistoryCreateInput, ModuleHistoryUncheckedCreateInput> & ModuleHistoryUncheckedCreateInput) | (Without<...> & ModuleHistoryCreateInput)'.
src/services/module.service.ts(857,37): error TS2339: Property 'moduleSetting' does not exist on type 'PrismaClient<{ log: ("warn" | "error")[]; }, "warn" | "error", DefaultArgs>'.
src/services/module.service.ts(900,36): error TS2339: Property 'moduleSetting' does not exist on type 'PrismaClient<{ log: ("warn" | "error")[]; }, "warn" | "error", DefaultArgs>'.
src/services/module.service.ts(913,36): error TS2339: Property 'moduleSetting' does not exist on type 'PrismaClient<{ log: ("warn" | "error")[]; }, "warn" | "error", DefaultArgs>'.
src/services/module.service.ts(926,11): error TS2353: Object literal may only specify known properties, and 'moduleCode' does not exist in type '(Without<ModuleHistoryCreateInput, ModuleHistoryUncheckedCreateInput> & ModuleHistoryUncheckedCreateInput) | (Without<...> & ModuleHistoryCreateInput)'.
src/services/module.service.ts(965,18): error TS2353: Object literal may only specify known properties, and 'moduleCode' does not exist in type 'ModuleHistoryWhereInput'.
src/services/notification-advanced.service.ts(8,30): error TS2307: Cannot find module './audit.service' or its corresponding type declarations.
src/services/notification-advanced.service.ts(71,9): error TS2322: Type '{ recipientId: string; channel: "WHATSAPP" | "PEC" | "EMAIL" | "SMS" | "IN_APP"; status: string; subject: any; content: any; variables: any; templateId: any; metadata: any; }' is not assignable to type '(Without<NotificationLogCreateInput, NotificationLogUncheckedCreateInput> & NotificationLogUncheckedCreateInput) | (Without<...> & NotificationLogCreateInput)'.
  Type '{ recipientId: string; channel: "WHATSAPP" | "PEC" | "EMAIL" | "SMS" | "IN_APP"; status: string; subject: any; content: any; variables: any; templateId: any; metadata: any; }' is not assignable to type 'Without<NotificationLogUncheckedCreateInput, NotificationLogCreateInput> & NotificationLogCreateInput'.
    Type '{ recipientId: string; channel: "WHATSAPP" | "PEC" | "EMAIL" | "SMS" | "IN_APP"; status: string; subject: any; content: any; variables: any; templateId: any; metadata: any; }' is not assignable to type 'Without<NotificationLogUncheckedCreateInput, NotificationLogCreateInput>'.
      Types of property 'templateId' are incompatible.
        Type 'any' is not assignable to type 'never'.
src/services/notification-advanced.service.ts(107,34): error TS2551: Property 'notificationBatch' does not exist on type 'PrismaClient<{ log: ("warn" | "error")[]; }, "warn" | "error", DefaultArgs>'. Did you mean 'notification'?
src/services/notification-advanced.service.ts(146,20): error TS2551: Property 'notificationBatch' does not exist on type 'PrismaClient<{ log: ("warn" | "error")[]; }, "warn" | "error", DefaultArgs>'. Did you mean 'notification'?
src/services/notification-advanced.service.ts(175,20): error TS2551: Property 'notificationBatch' does not exist on type 'PrismaClient<{ log: ("warn" | "error")[]; }, "warn" | "error", DefaultArgs>'. Did you mean 'notification'?
src/services/notification-advanced.service.ts(191,20): error TS2353: Object literal may only specify known properties, and 'isActive' does not exist in type 'UserWhereInput'.
src/services/notification-advanced.service.ts(198,13): error TS2353: Object literal may only specify known properties, and 'isActive' does not exist in type 'UserWhereInput'.
src/services/notification-advanced.service.ts(206,13): error TS2353: Object literal may only specify known properties, and 'isActive' does not exist in type 'UserWhereInput'.
src/services/notification-advanced.service.ts(242,13): error TS2322: Type '{ recipientId: any; title: string; content: string; type: string; }' is not assignable to type '(Without<NotificationCreateInput, NotificationUncheckedCreateInput> & NotificationUncheckedCreateInput) | (Without<...> & NotificationCreateInput)'.
  Type '{ recipientId: any; title: string; content: string; type: string; }' is not assignable to type 'Without<NotificationUncheckedCreateInput, NotificationCreateInput> & NotificationCreateInput'.
    Type '{ recipientId: any; title: string; content: string; type: string; }' is not assignable to type 'Without<NotificationUncheckedCreateInput, NotificationCreateInput>'.
      Types of property 'recipientId' are incompatible.
        Type 'any' is not assignable to type 'never'.
src/services/notification.service.ts(26,10): error TS2614: Module '"./email.service"' has no exported member 'sendEmail'. Did you mean to use 'import sendEmail from "./email.service"' instead?
src/services/notificationTemplate.service.ts(225,9): error TS2322: Type '{ createdBy: string; updatedBy: string; code: string; name: string; description?: string; category: string; subject?: string; htmlContent: string; textContent?: string; smsContent?: string; ... 5 more ...; id: string; }' is not assignable to type '(Without<NotificationTemplateCreateInput, NotificationTemplateUncheckedCreateInput> & NotificationTemplateUncheckedCreateInput) | (Without<...> & NotificationTemplateCreateInput)'.
  Type '{ createdBy: string; updatedBy: string; code: string; name: string; description?: string; category: string; subject?: string; htmlContent: string; textContent?: string; smsContent?: string; ... 5 more ...; id: string; }' is not assignable to type 'Without<NotificationTemplateUncheckedCreateInput, NotificationTemplateCreateInput> & NotificationTemplateCreateInput'.
    Property 'updatedAt' is missing in type '{ createdBy: string; updatedBy: string; code: string; name: string; description?: string; category: string; subject?: string; htmlContent: string; textContent?: string; smsContent?: string; ... 5 more ...; id: string; }' but required in type 'NotificationTemplateCreateInput'.
src/services/notificationTemplate.service.ts(269,9): error TS2322: Type '{ updatedBy: string; version: { increment: number; }; code?: string; name?: string; description?: string; category?: string; subject?: string; htmlContent?: string; textContent?: string; smsContent?: string; ... 4 more ...; isActive?: boolean; }' is not assignable to type '(Without<NotificationTemplateUpdateInput, NotificationTemplateUncheckedUpdateInput> & NotificationTemplateUncheckedUpdateInput) | (Without<...> & NotificationTemplateUpdateInput)'.
  Type '{ updatedBy: string; version: { increment: number; }; code?: string; name?: string; description?: string; category?: string; subject?: string; htmlContent?: string; textContent?: string; smsContent?: string; ... 4 more ...; isActive?: boolean; }' is not assignable to type 'Without<NotificationTemplateUncheckedUpdateInput, NotificationTemplateUpdateInput> & NotificationTemplateUpdateInput'.
    Type '{ updatedBy: string; version: { increment: number; }; code?: string; name?: string; description?: string; category?: string; subject?: string; htmlContent?: string; textContent?: string; smsContent?: string; ... 4 more ...; isActive?: boolean; }' is not assignable to type 'NotificationTemplateUpdateInput'.
      Types of property 'variables' are incompatible.
        Type 'TemplateVariable[]' is not assignable to type 'JsonNull | InputJsonValue'.
          Type 'TemplateVariable[]' is not assignable to type 'InputJsonObject'.
            Index signature for type 'string' is missing in type 'TemplateVariable[]'.
src/services/notificationTemplate.service.ts(369,11): error TS2353: Object literal may only specify known properties, and 'NotificationTemplate' does not exist in type 'NotificationEventInclude<DefaultArgs>'.
src/services/notificationTemplate.service.ts(387,9): error TS2322: Type '{ code: string; name: string; description?: string; eventType: string; entityType?: string; conditions?: EventConditions; templateId: string; delay?: number; retryPolicy?: Record<string, unknown>; id: string; }' is not assignable to type '(Without<NotificationEventCreateInput, NotificationEventUncheckedCreateInput> & NotificationEventUncheckedCreateInput) | (Without<...> & NotificationEventCreateInput)'.
  Type '{ code: string; name: string; description?: string; eventType: string; entityType?: string; conditions?: EventConditions; templateId: string; delay?: number; retryPolicy?: Record<string, unknown>; id: string; }' is not assignable to type 'Without<NotificationEventUncheckedCreateInput, NotificationEventCreateInput> & NotificationEventCreateInput'.
    Type '{ code: string; name: string; description?: string; eventType: string; entityType?: string; conditions?: EventConditions; templateId: string; delay?: number; retryPolicy?: Record<string, unknown>; id: string; }' is not assignable to type 'Without<NotificationEventUncheckedCreateInput, NotificationEventCreateInput>'.
      Types of property 'templateId' are incompatible.
        Type 'string' is not assignable to type 'never'.
src/services/notificationTemplate.service.ts(392,11): error TS2353: Object literal may only specify known properties, and 'NotificationTemplate' does not exist in type 'NotificationEventInclude<DefaultArgs>'.
src/services/notificationTemplate.service.ts(414,9): error TS2322: Type '{ updatedAt: Date; code?: string; name?: string; description?: string; eventType?: string; entityType?: string; conditions?: EventConditions; templateId?: string; delay?: number; retryPolicy?: Record<string, unknown>; }' is not assignable to type '(Without<NotificationEventUpdateInput, NotificationEventUncheckedUpdateInput> & NotificationEventUncheckedUpdateInput) | (Without<...> & NotificationEventUpdateInput)'.
  Type '{ updatedAt: Date; code?: string; name?: string; description?: string; eventType?: string; entityType?: string; conditions?: EventConditions; templateId?: string; delay?: number; retryPolicy?: Record<string, unknown>; }' is not assignable to type 'Without<NotificationEventUncheckedUpdateInput, NotificationEventUpdateInput> & NotificationEventUpdateInput'.
    Type '{ updatedAt: Date; code?: string; name?: string; description?: string; eventType?: string; entityType?: string; conditions?: EventConditions; templateId?: string; delay?: number; retryPolicy?: Record<string, unknown>; }' is not assignable to type 'Without<NotificationEventUncheckedUpdateInput, NotificationEventUpdateInput>'.
      Types of property 'templateId' are incompatible.
        Type 'string' is not assignable to type 'never'.
src/services/notificationTemplate.service.ts(419,11): error TS2353: Object literal may only specify known properties, and 'NotificationTemplate' does not exist in type 'NotificationEventInclude<DefaultArgs>'.
src/services/notificationTemplate.service.ts(467,11): error TS2353: Object literal may only specify known properties, and 'NotificationTemplate' does not exist in type 'NotificationEventInclude<DefaultArgs>'.
src/services/notificationTemplate.service.ts(494,29): error TS2339: Property 'NotificationTemplate' does not exist on type '{ name: string; id: string; createdAt: Date; updatedAt: Date; description: string; metadata: JsonValue; isActive: boolean; conditions: JsonValue; code: string; ... 4 more ...; retryPolicy: JsonValue; }'.
src/services/notificationTemplate.service.ts(497,25): error TS2339: Property 'NotificationTemplate' does not exist on type '{ name: string; id: string; createdAt: Date; updatedAt: Date; description: string; metadata: JsonValue; isActive: boolean; conditions: JsonValue; code: string; ... 4 more ...; retryPolicy: JsonValue; }'.
src/services/notificationTemplate.service.ts(631,36): error TS2352: Conversion of type 'string | number | boolean | JsonObject | JsonArray' to type 'TemplateData' may be a mistake because neither type sufficiently overlaps with the other. If this was intentional, convert the expression to 'unknown' first.
  Property 'content' is missing in type 'JsonValue[]' but required in type 'TemplateData'.
src/services/occasional-worker.service.ts(38,16): error TS2353: Object literal may only specify known properties, and 'personalFiscalCode' does not exist in type 'UserWhereUniqueInput'.
src/services/occasional-worker.service.ts(76,11): error TS2353: Object literal may only specify known properties, and 'metadata' does not exist in type '(Without<UserCreateInput, UserUncheckedCreateInput> & UserUncheckedCreateInput) | (Without<...> & UserCreateInput)'.
src/services/occasional-worker.service.ts(128,11): error TS2353: Object literal may only specify known properties, and 'userId' does not exist in type '(Without<NotificationCreateInput, NotificationUncheckedCreateInput> & NotificationUncheckedCreateInput) | (Without<...> & NotificationCreateInput)'.
src/services/occasional-worker.service.ts(139,11): error TS2322: Type '"OCCASIONAL_WORKER_REGISTRATION"' is not assignable to type 'AuditAction'.
src/services/occasional-worker.service.ts(149,11): error TS2322: Type '"AUTH"' is not assignable to type 'LogCategory'.
src/services/payment-getbyid.ts(28,11): error TS2561: Object literal may only specify known properties, but 'invoice' does not exist in type 'PaymentInclude<DefaultArgs>'. Did you mean to write 'invoices'?
src/services/payment-unified.service.ts(12,53): error TS2305: Module '"@prisma/client"' has no exported member 'RefundStatus'.
src/services/payment-unified.service.ts(12,67): error TS2305: Module '"@prisma/client"' has no exported member 'RefundReason'.
src/services/payment-unified.service.ts(98,7): error TS2322: Type '"2024-06-20"' is not assignable to type '"2025-08-27.basil"'.
src/services/payment-uniform.service.ts(46,7): error TS2322: Type '"2024-06-20"' is not assignable to type '"2025-08-27.basil"'.
src/services/payment.service.ts(21,53): error TS2305: Module '"@prisma/client"' has no exported member 'RefundStatus'.
src/services/payment.service.ts(21,67): error TS2305: Module '"@prisma/client"' has no exported member 'RefundReason'.
src/services/payment.service.ts(210,9): error TS2322: Type '"2024-06-20"' is not assignable to type '"2025-08-27.basil"'.
src/services/payment.service.ts(331,11): error TS2353: Object literal may only specify known properties, and 'paymentMethod' does not exist in type '(Without<PaymentCreateInput, PaymentUncheckedCreateInput> & PaymentUncheckedCreateInput) | (Without<...> & PaymentCreateInput)'.
src/services/payment.service.ts(349,9): error TS2322: Type '"PAYMENT_CREATED"' is not assignable to type 'AuditAction'.
src/services/payment.service.ts(355,34): error TS2339: Property 'paymentMethod' does not exist on type '{ id: string; status: PaymentStatus; type: PaymentType; createdAt: Date; updatedAt: Date; requestId: string; description: string; clientId: string; ... 18 more ...; paidAt: Date; }'.
src/services/payment.service.ts(438,11): error TS2353: Object literal may only specify known properties, and 'stripePaymentId' does not exist in type '(Without<PaymentUpdateInput, PaymentUncheckedUpdateInput> & PaymentUncheckedUpdateInput) | (Without<...> & PaymentUpdateInput)'.
src/services/payment.service.ts(550,11): error TS2353: Object literal may only specify known properties, and 'message' does not exist in type '{ recipientId: string; type: string; title: string; content: string; priority?: NotificationPriority; metadata?: any; senderId?: string; entityType?: string; entityId?: string; }'.
src/services/payment.service.ts(556,11): error TS2322: Type '"PAYMENT_COMPLETED"' is not assignable to type 'AuditAction'.
src/services/payment.service.ts(629,29): error TS2339: Property 'stripePaymentId' does not exist on type '{ id: string; status: PaymentStatus; type: PaymentType; createdAt: Date; updatedAt: Date; requestId: string; description: string; clientId: string; ... 18 more ...; paidAt: Date; }'.
src/services/payment.service.ts(629,57): error TS2339: Property 'stripePaymentId' does not exist on type '{ id: string; status: PaymentStatus; type: PaymentType; createdAt: Date; updatedAt: Date; requestId: string; description: string; clientId: string; ... 18 more ...; paidAt: Date; }'.
src/services/payment.service.ts(631,51): error TS2769: No overload matches this call.
  Overload 1 of 2, '(params?: RefundCreateParams, options?: RequestOptions): Promise<Response<Refund>>', gave the following error.
    Type '"other" | "requested_by_customer"' is not assignable to type 'Reason'.
      Type '"other"' is not assignable to type 'Reason'.
  Overload 2 of 2, '(options?: RequestOptions): Promise<Response<Refund>>', gave the following error.
    Object literal may only specify known properties, and 'payment_intent' does not exist in type 'RequestOptions'.
src/services/payment.service.ts(632,35): error TS2339: Property 'stripePaymentId' does not exist on type '{ id: string; status: PaymentStatus; type: PaymentType; createdAt: Date; updatedAt: Date; requestId: string; description: string; clientId: string; ... 18 more ...; paidAt: Date; }'.
src/services/payment.service.ts(661,11): error TS2561: Object literal may only specify known properties, but 'refundedAmount' does not exist in type '(Without<PaymentUpdateInput, PaymentUncheckedUpdateInput> & PaymentUncheckedUpdateInput) | (Without<...> & PaymentUpdateInput)'. Did you mean to write 'refundedAt'?
src/services/payment.service.ts(766,9): error TS2615: Type of property 'AND' circularly references itself in mapped type '{ [K in keyof { AND?: PaymentScalarWhereWithAggregatesInput | PaymentScalarWhereWithAggregatesInput[]; OR?: PaymentScalarWhereWithAggregatesInput[]; ... 27 more ...; createdBy?: string | StringNullableWithAggregatesFilter<...>; }]: Or<...> extends 1 ? { ...; }[K] extends infer TK ? GetHavingFields<...> : never : {} ...'.
src/services/payment.service.ts(766,9): error TS2615: Type of property 'NOT' circularly references itself in mapped type '{ [K in keyof { AND?: PaymentScalarWhereWithAggregatesInput | PaymentScalarWhereWithAggregatesInput[]; OR?: PaymentScalarWhereWithAggregatesInput[]; ... 27 more ...; createdBy?: string | StringNullableWithAggregatesFilter<...>; }]: Or<...> extends 1 ? { ...; }[K] extends infer TK ? GetHavingFields<...> : never : {} ...'.
src/services/payment.service.ts(766,9): error TS2615: Type of property 'OR' circularly references itself in mapped type '{ [K in keyof { AND?: PaymentScalarWhereWithAggregatesInput | PaymentScalarWhereWithAggregatesInput[]; OR?: PaymentScalarWhereWithAggregatesInput[]; ... 27 more ...; createdBy?: string | StringNullableWithAggregatesFilter<...>; }]: Or<...> extends 1 ? { ...; }[K] extends infer TK ? GetHavingFields<...> : never : {} ...'.
src/services/pdf.service.ts(300,29): error TS2345: Argument of type '(value: unknown) => void' is not assignable to parameter of type '() => void'.
  Target signature provides too few arguments. Expected 1 or more, but got 0.
src/services/pdf.service.ts(445,29): error TS2345: Argument of type '(value: unknown) => void' is not assignable to parameter of type '() => void'.
  Target signature provides too few arguments. Expected 1 or more, but got 0.
src/services/pdf.service.ts(471,20): error TS2353: Object literal may only specify known properties, and 'totalAmount' does not exist in type 'QuoteOrderByWithRelationInput | QuoteOrderByWithRelationInput[]'.
src/services/pdf.service.ts(511,29): error TS2345: Argument of type '(value: unknown) => void' is not assignable to parameter of type '() => void'.
  Target signature provides too few arguments. Expected 1 or more, but got 0.
src/services/pec.service.ts(269,26): error TS2339: Property 'log' does not exist on type 'typeof import("/Users/lucamambelli/Desktop/Richiesta-Assistenza/backend/src/services/auditLog.service")'.
src/services/pec.service.ts(291,26): error TS2339: Property 'log' does not exist on type 'typeof import("/Users/lucamambelli/Desktop/Richiesta-Assistenza/backend/src/services/auditLog.service")'.
src/services/pec.service.ts(319,11): error TS2322: Type '"SENDING"' is not assignable to type 'ComplaintStatus'.
src/services/pec.service.ts(393,11): error TS2322: Type '"SENT"' is not assignable to type 'ComplaintStatus | EnumComplaintStatusFieldUpdateOperationsInput'.
src/services/pec.service.ts(396,11): error TS2322: Type 'InputJsonValue' is not assignable to type 'string | NullableStringFieldUpdateOperationsInput'.
  Type 'number' is not assignable to type 'string | NullableStringFieldUpdateOperationsInput'.
src/services/pec.service.ts(396,21): error TS2352: Conversion of type 'SendMailResult' to type 'InputJsonValue' may be a mistake because neither type sufficiently overlaps with the other. If this was intentional, convert the expression to 'unknown' first.
  Type 'SendMailResult' is not comparable to type 'InputJsonObject'.
    Index signature for type 'string' is missing in type 'SendMailResult'.
src/services/pec.service.ts(400,33): error TS2339: Property 'sendToUser' does not exist on type 'typeof import("/Users/lucamambelli/Desktop/Richiesta-Assistenza/backend/src/services/notification.service")'.
src/services/pec.service.ts(411,26): error TS2339: Property 'log' does not exist on type 'typeof import("/Users/lucamambelli/Desktop/Richiesta-Assistenza/backend/src/services/auditLog.service")'.
src/services/pec.service.ts(425,14): error TS2352: Conversion of type '{ id: string; status: ComplaintStatus; createdAt: Date; updatedAt: Date; userId: string; requestId: string; description: string; priority: ComplaintPriority; ... 9 more ...; response: string; }' to type 'ComplaintRecord' may be a mistake because neither type sufficiently overlaps with the other. If this was intentional, convert the expression to 'unknown' first.
  Type '{ id: string; status: ComplaintStatus; createdAt: Date; updatedAt: Date; userId: string; requestId: string; description: string; priority: ComplaintPriority; ... 9 more ...; response: string; }' is missing the following properties from type 'ComplaintRecord': company, type, details
src/services/pec.service.ts(429,33): error TS2339: Property 'sendToUser' does not exist on type 'typeof import("/Users/lucamambelli/Desktop/Richiesta-Assistenza/backend/src/services/notification.service")'.
src/services/pec.service.ts(454,11): error TS2322: Type '"SENT"' is not assignable to type 'ComplaintStatus | EnumComplaintStatusFilter<"Complaint">'.
src/services/pec.service.ts(514,30): error TS2339: Property 'fiscalCode' does not exist on type '{ clientRequests: { id: string; status: RequestStatus; latitude: number; longitude: number; createdAt: Date; updatedAt: Date; title: string; description: string; ... 26 more ...; assignmentType: AssignmentType; }[]; } & { ...; }'.
src/services/pec.service.ts(535,9): error TS2353: Object literal may only specify known properties, and 'company' does not exist in type '(Without<ComplaintDraftCreateInput, ComplaintDraftUncheckedCreateInput> & ComplaintDraftUncheckedCreateInput) | (Without<...> & ComplaintDraftCreateInput)'.
src/services/pec.service.ts(571,9): error TS2353: Object literal may only specify known properties, and 'status' does not exist in type 'ComplaintDraftWhereInput'.
src/services/pec.service.ts(579,24): error TS2352: Conversion of type '{ id: string; createdAt: Date; updatedAt: Date; userId: string; requestId: string; description: string; priority: ComplaintPriority; category: string; attachments: JsonValue; expiresAt: Date; subject: string; lastSavedAt: Date; }' to type 'ComplaintDraftRecord' may be a mistake because neither type sufficiently overlaps with the other. If this was intentional, convert the expression to 'unknown' first.
  Type '{ id: string; createdAt: Date; updatedAt: Date; userId: string; requestId: string; description: string; priority: ComplaintPriority; category: string; attachments: JsonValue; expiresAt: Date; subject: string; lastSavedAt: Date; }' is missing the following properties from type 'ComplaintDraftRecord': company, type, details, status, templateData
src/services/pec.service.ts(592,9): error TS2353: Object literal may only specify known properties, and 'status' does not exist in type '(Without<ComplaintDraftUpdateInput, ComplaintDraftUncheckedUpdateInput> & ComplaintDraftUncheckedUpdateInput) | (Without<...> & ComplaintDraftUpdateInput)'.
src/services/professional-stats.service.ts(85,11): error TS2561: Object literal may only specify known properties, but 'completedAt' does not exist in type 'AssistanceRequestWhereInput'. Did you mean to write 'completedDate'?
src/services/professionalPhrases.service.ts(34,11): error TS2322: Type 'number' is not assignable to type 'string | StringFilter<"ProfessionalReportPhrase">'.
src/services/professionalPhrases.service.ts(65,29): error TS2551: Property 'category' does not exist on type '{ professionalId: string; Category: "note" | "problem" | "solution" | "recommendation"; code: string; title: string; content: string; isFavorite?: boolean; }'. Did you mean 'Category'?
src/services/professionalPhrases.service.ts(69,9): error TS2322: Type '{ professionalId: string; Category: "note" | "problem" | "solution" | "recommendation"; code: string; title: string; content: string; isFavorite?: boolean; }' is not assignable to type '(Without<ProfessionalReportPhraseCreateInput, ProfessionalReportPhraseUncheckedCreateInput> & ProfessionalReportPhraseUncheckedCreateInput) | (Without<...> & ProfessionalReportPhraseCreateInput)'.
  Type '{ professionalId: string; Category: "note" | "problem" | "solution" | "recommendation"; code: string; title: string; content: string; isFavorite?: boolean; }' is not assignable to type 'Without<ProfessionalReportPhraseUncheckedCreateInput, ProfessionalReportPhraseCreateInput> & ProfessionalReportPhraseCreateInput'.
    Type '{ professionalId: string; Category: "note" | "problem" | "solution" | "recommendation"; code: string; title: string; content: string; isFavorite?: boolean; }' is not assignable to type 'Without<ProfessionalReportPhraseUncheckedCreateInput, ProfessionalReportPhraseCreateInput>'.
      Types of property 'professionalId' are incompatible.
        Type 'string' is not assignable to type 'never'.
src/services/professionalPhrases.service.ts(86,18): error TS2322: Type 'number' is not assignable to type 'string'.
src/services/professionalPhrases.service.ts(107,18): error TS2322: Type 'number' is not assignable to type 'string'.
src/services/professionalPhrases.service.ts(127,18): error TS2322: Type 'number' is not assignable to type 'string'.
src/services/professionalPhrases.service.ts(145,18): error TS2322: Type 'number' is not assignable to type 'string'.
src/services/professionalPhrases.service.ts(192,11): error TS2561: Object literal may only specify known properties, but 'Category' does not exist in type 'ProfessionalReportPhraseWhereInput'. Did you mean to write 'category'?
src/services/professionalPhrases.service.ts(192,21): error TS2304: Cannot find name 'category'.
src/services/professionalPhrases.service.ts(215,35): error TS2551: Property 'professionalPhrase' does not exist on type 'Omit<PrismaClient<PrismaClientOptions, LogLevel, DefaultArgs>, "$connect" | "$disconnect" | "$on" | "$transaction" | "$extends">'. Did you mean 'professionalReportPhrase'?
src/services/professionalPhrases.service.ts(255,13): error TS2561: Object literal may only specify known properties, but 'Category' does not exist in type 'ProfessionalReportPhraseOrderByWithRelationInput'. Did you mean to write 'category'?
src/services/quote.service.ts(248,13): error TS2322: Type '{ action: string; quote: any; items: any; calculations: QuoteTotals; }' is not assignable to type 'JsonNull | InputJsonValue'.
  Types of property 'calculations' are incompatible.
    Type 'QuoteTotals' is not assignable to type 'InputJsonValue'.
      Type 'QuoteTotals' is not assignable to type 'InputJsonObject'.
        Index signature for type 'string' is missing in type 'QuoteTotals'.
src/services/quote.service.ts(332,11): error TS2322: Type 'Decimal' is not assignable to type 'number'.
src/services/quote.service.ts(394,13): error TS2322: Type '{ action: string; before: any; after: any; items: { id: string; createdAt: Date; description: string; metadata: Prisma.JsonValue | null; quoteId: string; notes: string | null; taxAmount: Prisma.Decimal; ... 5 more ...; discount: Prisma.Decimal; }[]; calculations: QuoteTotals; }' is not assignable to type 'JsonNull | InputJsonValue'.
  Types of property 'calculations' are incompatible.
    Type 'QuoteTotals' is not assignable to type 'InputJsonValue'.
      Type 'QuoteTotals' is not assignable to type 'InputJsonObject'.
        Index signature for type 'string' is missing in type 'QuoteTotals'.
src/services/quote.service.ts(438,11): error TS2353: Object literal may only specify known properties, and 'assistanceRequest' does not exist in type 'QuoteInclude<DefaultArgs>'.
src/services/quote.service.ts(447,17): error TS2339: Property 'assistanceRequest' does not exist on type '{ id: string; status: QuoteStatus; createdAt: Date; updatedAt: Date; requestId: string; title: string; description: string; professionalId: string; internalNotes: string; ... 15 more ...; depositPaidAt: Date; }'.
src/services/quote.service.ts(462,13): error TS2353: Object literal may only specify known properties, and 'isSelected' does not exist in type '(Without<QuoteUpdateInput, QuoteUncheckedUpdateInput> & QuoteUncheckedUpdateInput) | (Without<...> & QuoteUpdateInput)'.
src/services/quote.service.ts(497,34): error TS2339: Property 'assistanceRequest' does not exist on type '{ id: string; status: QuoteStatus; createdAt: Date; updatedAt: Date; requestId: string; title: string; description: string; professionalId: string; internalNotes: string; ... 15 more ...; depositPaidAt: Date; }'.
src/services/quote.service.ts(503,52): error TS2339: Property 'assistanceRequest' does not exist on type '{ id: string; status: QuoteStatus; createdAt: Date; updatedAt: Date; requestId: string; title: string; description: string; professionalId: string; internalNotes: string; ... 15 more ...; depositPaidAt: Date; }'.
src/services/quote.service.ts(552,11): error TS2353: Object literal may only specify known properties, and 'assistanceRequest' does not exist in type 'QuoteInclude<DefaultArgs>'.
src/services/quote.service.ts(560,17): error TS2339: Property 'assistanceRequest' does not exist on type '{ id: string; status: QuoteStatus; createdAt: Date; updatedAt: Date; requestId: string; title: string; description: string; professionalId: string; internalNotes: string; ... 15 more ...; depositPaidAt: Date; }'.
src/services/quote.service.ts(569,39): error TS2339: Property 'metadata' does not exist on type '{ id: string; status: QuoteStatus; createdAt: Date; updatedAt: Date; requestId: string; title: string; description: string; professionalId: string; internalNotes: string; ... 15 more ...; depositPaidAt: Date; }'.
src/services/quote.service.ts(581,11): error TS2353: Object literal may only specify known properties, and 'metadata' does not exist in type '(Without<QuoteUpdateInput, QuoteUncheckedUpdateInput> & QuoteUncheckedUpdateInput) | (Without<...> & QuoteUpdateInput)'.
src/services/quote.service.ts(595,52): error TS2339: Property 'assistanceRequest' does not exist on type '{ id: string; status: QuoteStatus; createdAt: Date; updatedAt: Date; requestId: string; title: string; description: string; professionalId: string; internalNotes: string; ... 15 more ...; depositPaidAt: Date; }'.
src/services/quote.service.ts(737,11): error TS2353: Object literal may only specify known properties, and 'assistanceRequest' does not exist in type 'QuoteInclude<DefaultArgs>'.
src/services/quote.service.ts(749,22): error TS2551: Property 'items' does not exist on type '{ id: string; status: QuoteStatus; createdAt: Date; updatedAt: Date; requestId: string; title: string; description: string; professionalId: string; internalNotes: string; ... 15 more ...; depositPaidAt: Date; }'. Did you mean 'terms'?
src/services/quote.service.ts(765,11): error TS2353: Object literal may only specify known properties, and 'recipientId' does not exist in type '(Without<QuoteTemplateCreateInput, QuoteTemplateUncheckedCreateInput> & QuoteTemplateUncheckedCreateInput) | (Without<...> & QuoteTemplateCreateInput)'.
src/services/quote.service.ts(804,13): error TS2353: Object literal may only specify known properties, and 'recipientId' does not exist in type 'QuoteTemplateWhereInput'.
src/services/quote.service.ts(857,11): error TS2353: Object literal may only specify known properties, and 'user' does not exist in type 'QuoteInclude<DefaultArgs>'.
src/services/quote.service.ts(877,28): error TS2551: Property 'items' does not exist on type '{ id: string; status: QuoteStatus; createdAt: Date; updatedAt: Date; requestId: string; title: string; description: string; professionalId: string; internalNotes: string; ... 15 more ...; depositPaidAt: Date; }'. Did you mean 'terms'?
src/services/quote.service.ts(877,42): error TS2551: Property 'items' does not exist on type '{ id: string; status: QuoteStatus; createdAt: Date; updatedAt: Date; requestId: string; title: string; description: string; professionalId: string; internalNotes: string; ... 15 more ...; depositPaidAt: Date; }'. Did you mean 'terms'?
src/services/quote.service.ts(974,17): error TS2353: Object literal may only specify known properties, and 'minQuoteAmount' does not exist in type 'DepositRuleWhereInput'.
src/services/quote.service.ts(975,17): error TS2353: Object literal may only specify known properties, and 'minQuoteAmount' does not exist in type 'DepositRuleWhereInput'.
src/services/quote.service.ts(976,17): error TS2353: Object literal may only specify known properties, and 'minQuoteAmount' does not exist in type 'DepositRuleWhereInput'.
src/services/quote.service.ts(977,17): error TS2353: Object literal may only specify known properties, and 'minQuoteAmount' does not exist in type 'DepositRuleWhereInput'.
src/services/quote.service.ts(980,22): error TS2353: Object literal may only specify known properties, and 'priority' does not exist in type 'DepositRuleOrderByWithRelationInput | DepositRuleOrderByWithRelationInput[]'.
src/services/quote.service.ts(995,15): error TS2353: Object literal may only specify known properties, and 'minQuoteAmount' does not exist in type 'DepositRuleWhereInput'.
src/services/quote.service.ts(996,15): error TS2353: Object literal may only specify known properties, and 'minQuoteAmount' does not exist in type 'DepositRuleWhereInput'.
src/services/quote.service.ts(997,15): error TS2353: Object literal may only specify known properties, and 'minQuoteAmount' does not exist in type 'DepositRuleWhereInput'.
src/services/quote.service.ts(998,15): error TS2353: Object literal may only specify known properties, and 'minQuoteAmount' does not exist in type 'DepositRuleWhereInput'.
src/services/quote.service.ts(1001,20): error TS2353: Object literal may only specify known properties, and 'priority' does not exist in type 'DepositRuleOrderByWithRelationInput | DepositRuleOrderByWithRelationInput[]'.
src/services/quote.service.ts(1011,11): error TS2353: Object literal may only specify known properties, and 'isDefault' does not exist in type 'DepositRuleWhereInput'.
src/services/quote.service.ts(1046,30): error TS2339: Property 'ranges' does not exist on type '{ name: string; id: string; createdAt: Date; updatedAt: Date; description: string; categoryId: string; isActive: boolean; depositType: string; fixedAmount: Decimal; percentageAmount: number; rangeRules: JsonValue; conditions: JsonValue; }'.
src/services/referral.service.ts(4,10): error TS2305: Module '"./unified-notification-center.service"' has no exported member 'notificationService'.
src/services/referral.service.ts(92,28): error TS2339: Property 'sendReferralInvite' does not exist on type 'EmailService'.
src/services/registration-validation.service.ts(1,24): error TS2307: Cannot find module '../lib/prisma' or its corresponding type declarations.
src/services/registration-validation.service.ts(2,10): error TS2305: Module '"../utils/errors"' has no exported member 'BadRequestError'.
src/services/simple-backup.service.ts(150,54): error TS2554: Expected 1 arguments, but got 2.
src/services/simple-backup.service.ts(168,9): error TS2322: Type '"FULL" | "DATABASE" | "CODE" | "INCREMENTAL" | "DIFFERENTIAL" | "UPLOADS"' is not assignable to type '"UPLOADS" | BackupType'.
  Type '"FULL"' is not assignable to type '"UPLOADS" | BackupType'.
src/services/simple-backup.service.ts(200,54): error TS2554: Expected 1 arguments, but got 2.
src/services/simple-backup.service.ts(293,9): error TS2322: Type '"FULL" | "DATABASE" | "CODE" | "INCREMENTAL" | "DIFFERENTIAL" | "UPLOADS"' is not assignable to type '"UPLOADS" | BackupType'.
  Type '"FULL"' is not assignable to type '"UPLOADS" | BackupType'.
src/services/simple-backup.service.ts(372,9): error TS2322: Type '"FULL" | "DATABASE" | "CODE" | "INCREMENTAL" | "DIFFERENTIAL" | "UPLOADS"' is not assignable to type '"UPLOADS" | BackupType'.
  Type '"FULL"' is not assignable to type '"UPLOADS" | BackupType'.
src/services/simple-backup.service.ts(880,60): error TS2554: Expected 1 arguments, but got 2.
src/services/simple-backup.service.ts(1089,60): error TS2554: Expected 1 arguments, but got 2.
src/services/systemEnum.service.ts(133,27): error TS2551: Property 'category' does not exist on type '{ id: string; name: string; description: string; Category: string; isEditable: boolean; values: ({ value: string; label: string; color: string; textColor: string; order: number; isDefault?: undefined; } | { ...; })[]; } | ... 5 more ... | { ...; }'. Did you mean 'Category'?
  Property 'category' does not exist on type '{ id: string; name: string; description: string; Category: string; isEditable: boolean; values: ({ value: string; label: string; color: string; textColor: string; order: number; isDefault?: undefined; } | { ...; })[]; }'.
src/services/systemEnum.service.ts(141,28): error TS2339: Property 'description' does not exist on type '{ value: string; label: string; color: string; textColor: string; order: number; isDefault?: undefined; } | { value: string; label: string; color: string; textColor: string; order: number; isDefault: boolean; }'.
  Property 'description' does not exist on type '{ value: string; label: string; color: string; textColor: string; order: number; isDefault?: undefined; }'.
src/services/systemEnum.service.ts(144,24): error TS2551: Property 'bgColor' does not exist on type '{ value: string; label: string; color: string; textColor: string; order: number; isDefault?: undefined; } | { value: string; label: string; color: string; textColor: string; order: number; isDefault: boolean; }'. Did you mean 'color'?
  Property 'bgColor' does not exist on type '{ value: string; label: string; color: string; textColor: string; order: number; isDefault?: undefined; }'.
src/services/systemEnum.service.ts(145,21): error TS2339: Property 'icon' does not exist on type '{ value: string; label: string; color: string; textColor: string; order: number; isDefault?: undefined; } | { value: string; label: string; color: string; textColor: string; order: number; isDefault: boolean; }'.
  Property 'icon' does not exist on type '{ value: string; label: string; color: string; textColor: string; order: number; isDefault?: undefined; }'.
src/services/systemEnum.service.ts(149,25): error TS2339: Property 'metadata' does not exist on type '{ value: string; label: string; color: string; textColor: string; order: number; isDefault?: undefined; } | { value: string; label: string; color: string; textColor: string; order: number; isDefault: boolean; }'.
  Property 'metadata' does not exist on type '{ value: string; label: string; color: string; textColor: string; order: number; isDefault?: undefined; }'.
src/services/systemSettings.service.ts(27,13): error TS2561: Object literal may only specify known properties, but 'Category' does not exist in type 'SystemSettingOrderByWithRelationInput'. Did you mean to write 'category'?
src/services/systemSettings.service.ts(54,18): error TS18004: No value exists in scope for the shorthand property 'category'. Either declare one or provide an initializer.
src/services/systemSettings.service.ts(60,60): error TS2304: Cannot find name 'category'.
src/services/systemSettings.service.ts(160,11): error TS2561: Object literal may only specify known properties, but 'Category' does not exist in type '(Without<SystemSettingUpdateInput, SystemSettingUncheckedUpdateInput> & SystemSettingUncheckedUpdateInput) | (Without<...> & SystemSettingUpdateInput)'. Did you mean to write 'category'?
src/services/systemSettings.service.ts(174,11): error TS2561: Object literal may only specify known properties, but 'Category' does not exist in type '(Without<SystemSettingCreateInput, SystemSettingUncheckedCreateInput> & SystemSettingUncheckedCreateInput) | (Without<...> & SystemSettingCreateInput)'. Did you mean to write 'category'?
src/services/testRunnerService.ts(503,42): error TS2551: Property 'professionalSubcategory' does not exist on type 'PrismaClient<{ log: ("warn" | "error")[]; }, "warn" | "error", DefaultArgs>'. Did you mean 'professionalUserSubcategory'?
src/services/testRunnerService.ts(844,35): error TS2551: Property 'category' does not exist on type 'TestResult'. Did you mean 'Category'?
src/services/testRunnerService.ts(861,30): error TS2551: Property 'category' does not exist on type 'TestResult'. Did you mean 'Category'?
src/services/testRunnerService.ts(862,27): error TS2551: Property 'category' does not exist on type 'TestResult'. Did you mean 'Category'?
src/services/testRunnerService.ts(870,25): error TS2551: Property 'category' does not exist on type 'TestResult'. Did you mean 'Category'?
src/services/testRunnerService.ts(873,27): error TS2551: Property 'category' does not exist on type 'TestResult'. Did you mean 'Category'?
src/services/testRunnerService.ts(875,27): error TS2551: Property 'category' does not exist on type 'TestResult'. Did you mean 'Category'?
src/services/testRunnerService.ts(877,27): error TS2551: Property 'category' does not exist on type 'TestResult'. Did you mean 'Category'?
src/services/testRunnerService.ts(962,34): error TS2552: Cannot find name 'category'. Did you mean 'Category'?
src/services/travel.service.ts(44,54): error TS2345: Argument of type '{ id: string; latitude: number; longitude: number; address: string; city: string; province: string; postalCode: string; workAddress: string; workCity: string; workProvince: string; workPostalCode: string; workLatitude: number; workLongitude: number; useResidenceAsWorkAddress: boolean; }' is not assignable to parameter of type '{ phone: string; id: string; status: string; latitude: number; longitude: number; createdAt: Date; updatedAt: Date; address: string; city: string; province: string; postalCode: string; ... 51 more ...; referralCode: string; }'.
  Type '{ id: string; latitude: number; longitude: number; address: string; city: string; province: string; postalCode: string; workAddress: string; workCity: string; workProvince: string; workPostalCode: string; workLatitude: number; workLongitude: number; useResidenceAsWorkAddress: boolean; }' is missing the following properties from type '{ phone: string; id: string; status: string; latitude: number; longitude: number; createdAt: Date; updatedAt: Date; address: string; city: string; province: string; postalCode: string; ... 51 more ...; referralCode: string; }': phone, status, createdAt, updatedAt, and 45 more.
src/services/travel.service.ts(95,9): error TS2353: Object literal may only specify known properties, and 'workAddress' does not exist in type 'WorkAddress'.
src/services/travel.service.ts(122,69): error TS2345: Argument of type 'LocationCoordinates' is not assignable to parameter of type '{ lat: number; lng: number; }'.
  Type 'LocationCoordinates' is missing the following properties from type '{ lat: number; lng: number; }': lat, lng
src/services/travel.service.ts(339,69): error TS2345: Argument of type '{ id: string; latitude: number; longitude: number; address: string; city: string; province: string; postalCode: string; workAddress: string; workCity: string; workProvince: string; workPostalCode: string; workLatitude: number; workLongitude: number; useResidenceAsWorkAddress: boolean; travelRatePerKm: Decimal; }' is not assignable to parameter of type '{ phone: string; id: string; status: string; latitude: number; longitude: number; createdAt: Date; updatedAt: Date; address: string; city: string; province: string; postalCode: string; ... 51 more ...; referralCode: string; }'.
  Type '{ id: string; latitude: number; longitude: number; address: string; city: string; province: string; postalCode: string; workAddress: string; workCity: string; workProvince: string; workPostalCode: string; workLatitude: number; workLongitude: number; useResidenceAsWorkAddress: boolean; travelRatePerKm: Decimal; }' is missing the following properties from type '{ phone: string; id: string; status: string; latitude: number; longitude: number; createdAt: Date; updatedAt: Date; address: string; city: string; province: string; postalCode: string; ... 51 more ...; referralCode: string; }': phone, status, createdAt, updatedAt, and 44 more.
src/services/travel.service.ts(532,69): error TS2345: Argument of type '{ id: string; latitude: number; longitude: number; address: string; city: string; province: string; postalCode: string; workAddress: string; workCity: string; workProvince: string; workPostalCode: string; workLatitude: number; workLongitude: number; useResidenceAsWorkAddress: boolean; travelRatePerKm: Decimal; }' is not assignable to parameter of type '{ phone: string; id: string; status: string; latitude: number; longitude: number; createdAt: Date; updatedAt: Date; address: string; city: string; province: string; postalCode: string; ... 51 more ...; referralCode: string; }'.
  Type '{ id: string; latitude: number; longitude: number; address: string; city: string; province: string; postalCode: string; workAddress: string; workCity: string; workProvince: string; workPostalCode: string; workLatitude: number; workLongitude: number; useResidenceAsWorkAddress: boolean; travelRatePerKm: Decimal; }' is missing the following properties from type '{ phone: string; id: string; status: string; latitude: number; longitude: number; createdAt: Date; updatedAt: Date; address: string; city: string; province: string; postalCode: string; ... 51 more ...; referralCode: string; }': phone, status, createdAt, updatedAt, and 44 more.
src/services/travel.service.ts(560,73): error TS2345: Argument of type 'LocationCoordinates' is not assignable to parameter of type '{ lat: number; lng: number; }'.
  Type 'LocationCoordinates' is missing the following properties from type '{ lat: number; lng: number; }': lat, lng
src/services/unified-notification-center.service.ts(232,11): error TS2322: Type 'import("/Users/lucamambelli/Desktop/Richiesta-Assistenza/backend/src/services/unified-notification-center.service").NotificationPriority' is not assignable to type 'import("/Users/lucamambelli/Desktop/Richiesta-Assistenza/backend/node_modules/.prisma/client/index").$Enums.NotificationPriority'.
src/services/unified-notification-center.service.ts(240,11): error TS2322: Type 'Record<string, unknown>' is not assignable to type 'InputJsonValue | NullableJsonNullValueInput'.
  Type 'Record<string, unknown>' is missing the following properties from type 'readonly InputJsonValue[]': length, concat, join, slice, and 20 more.
src/services/unified-notification-center.service.ts(255,11): error TS2353: Object literal may only specify known properties, and 'status' does not exist in type '(Without<NotificationUpdateInput, NotificationUncheckedUpdateInput> & NotificationUncheckedUpdateInput) | (Without<...> & NotificationUpdateInput)'.
src/services/unified-notification-center.service.ts(257,27): error TS2352: Conversion of type 'ChannelResult[]' to type 'InputJsonValue' may be a mistake because neither type sufficiently overlaps with the other. If this was intentional, convert the expression to 'unknown' first.
  Type 'ChannelResult[]' is not comparable to type 'InputJsonObject'.
    Index signature for type 'string' is missing in type 'ChannelResult[]'.
src/services/unified-notification-center.service.ts(261,26): error TS2339: Property 'log' does not exist on type 'typeof import("/Users/lucamambelli/Desktop/Richiesta-Assistenza/backend/src/services/auditLog.service")'.
src/services/unified-notification-center.service.ts(287,26): error TS2339: Property 'log' does not exist on type 'typeof import("/Users/lucamambelli/Desktop/Richiesta-Assistenza/backend/src/services/auditLog.service")'.
src/services/unified-notification-center.service.ts(324,22): error TS2551: Property 'notificationDelivery' does not exist on type 'PrismaClient<{ log: ("warn" | "error")[]; }, "warn" | "error", DefaultArgs>'. Did you mean 'notificationEvent'?
src/services/unified-notification-center.service.ts(344,22): error TS2551: Property 'notificationDelivery' does not exist on type 'PrismaClient<{ log: ("warn" | "error")[]; }, "warn" | "error", DefaultArgs>'. Did you mean 'notificationEvent'?
src/services/unified-notification-center.service.ts(573,52): error TS2353: Object literal may only specify known properties, and 'userId' does not exist in type 'NotificationWhereInput'.
src/services/unified-notification-center.service.ts(584,7): error TS2322: Type 'NotificationPriority' is not assignable to type 'NotificationPriority | EnumNotificationPriorityFilter<"Notification">'.
src/services/unified-notification-center.service.ts(600,11): error TS2353: Object literal may only specify known properties, and 'deliveries' does not exist in type 'NotificationInclude<DefaultArgs>'.
src/services/unified-notification-center.service.ts(620,9): error TS2353: Object literal may only specify known properties, and 'userId' does not exist in type 'NotificationWhereInput'.
src/services/unified-notification-center.service.ts(643,9): error TS2353: Object literal may only specify known properties, and 'userId' does not exist in type 'NotificationWhereInput'.
src/services/unified-notification-center.service.ts(670,9): error TS2353: Object literal may only specify known properties, and 'userId' does not exist in type 'NotificationWhereInput'.
src/services/unified-notification-center.service.ts(682,18): error TS2551: Property 'userNotificationPreferences' does not exist on type 'PrismaClient<{ log: ("warn" | "error")[]; }, "warn" | "error", DefaultArgs>'. Did you mean 'notificationPreference'?
src/services/unified-notification-center.service.ts(705,18): error TS2339: Property 'pushSubscription' does not exist on type 'PrismaClient<{ log: ("warn" | "error")[]; }, "warn" | "error", DefaultArgs>'.
src/services/unified-notification-center.service.ts(733,9): error TS2561: Object literal may only specify known properties, but 'notificationPreferences' does not exist in type 'UserInclude<DefaultArgs>'. Did you mean to write 'notificationPreference'?
src/services/unified-notification-center.service.ts(740,12): error TS2352: Conversion of type '{ phone: string; id: string; status: string; latitude: number; longitude: number; createdAt: Date; updatedAt: Date; address: string; city: string; province: string; postalCode: string; ... 51 more ...; referralCode: string; }' to type 'UserWithPreferences' may be a mistake because neither type sufficiently overlaps with the other. If this was intentional, convert the expression to 'unknown' first.
  Type '{ phone: string; id: string; status: string; latitude: number; longitude: number; createdAt: Date; updatedAt: Date; address: string; city: string; province: string; postalCode: string; ... 51 more ...; referralCode: string; }' is missing the following properties from type 'UserWithPreferences': whatsappNumber, pecEmail, notificationPreferences, pushSubscriptions
src/services/unified-notification-center.service.ts(865,18): error TS2339: Property 'scheduledNotification' does not exist on type 'PrismaClient<{ log: ("warn" | "error")[]; }, "warn" | "error", DefaultArgs>'.
src/services/unified-notification-center.service.ts(867,13): error TS2352: Conversion of type 'NotificationPayload' to type 'Record<string, unknown>' may be a mistake because neither type sufficiently overlaps with the other. If this was intentional, convert the expression to 'unknown' first.
  Index signature for type 'string' is missing in type 'NotificationPayload'.
src/services/unified-notification-center.service.ts(882,32): error TS2339: Property 'emailBody' does not exist on type '{ name: string; id: string; createdAt: Date; updatedAt: Date; description: string; priority: NotificationPriority; category: string; isActive: boolean; code: string; ... 10 more ...; isSystem: boolean; }'.
src/services/unified-notification-center.service.ts(883,45): error TS2339: Property 'emailBody' does not exist on type '{ name: string; id: string; createdAt: Date; updatedAt: Date; description: string; priority: NotificationPriority; category: string; isActive: boolean; code: string; ... 10 more ...; isSystem: boolean; }'.
src/services/unified-notification-center.service.ts(883,56): error TS2345: Argument of type 'NotificationPayload' is not assignable to parameter of type 'Record<string, unknown>'.
  Index signature for type 'string' is missing in type 'NotificationPayload'.
src/services/unified-notification-center.service.ts(1073,9): error TS2353: Object literal may only specify known properties, and 'userId' does not exist in type 'NotificationWhereInput'.
src/services/user.service.ts(26,10): error TS2614: Module '"./email.service"' has no exported member 'sendEmail'. Did you mean to use 'import sendEmail from "./email.service"' instead?
src/services/user.service.ts(214,15): error TS2353: Object literal may only specify known properties, and 'payments' does not exist in type 'UserCountOutputTypeSelect<DefaultArgs>'.
src/services/websocket.service.ts(11,10): error TS2305: Module '"../websocket/socket.server"' has no exported member 'sendToUser'.
src/services/websocket.service.ts(11,42): error TS2305: Module '"../websocket/socket.server"' has no exported member 'broadcastToOrganization'.
src/services/websocket.service.ts(11,67): error TS2305: Module '"../websocket/socket.server"' has no exported member 'isUserOnline'.
src/services/whatsapp-adapter.service.ts(98,66): error TS2307: Cannot find module './evolution-whatsapp-simple.service' or its corresponding type declarations.
src/services/whatsapp-audit.service.ts(126,24): error TS2339: Property 'log' does not exist on type 'typeof import("/Users/lucamambelli/Desktop/Richiesta-Assistenza/backend/src/services/auditLog.service")'.
src/services/whatsapp-audit.service.ts(149,18): error TS2339: Property 'whatsAppAudit' does not exist on type 'PrismaClient<{ log: ("warn" | "error")[]; }, "warn" | "error", DefaultArgs>'.
src/services/whatsapp-audit.service.ts(259,22): error TS2339: Property 'log' does not exist on type 'typeof import("/Users/lucamambelli/Desktop/Richiesta-Assistenza/backend/src/services/auditLog.service")'.
src/services/whatsapp-audit.service.ts(297,22): error TS2339: Property 'log' does not exist on type 'typeof import("/Users/lucamambelli/Desktop/Richiesta-Assistenza/backend/src/services/auditLog.service")'.
src/services/whatsapp-audit.service.ts(363,38): error TS2339: Property 'whatsAppAudit' does not exist on type 'PrismaClient<{ log: ("warn" | "error")[]; }, "warn" | "error", DefaultArgs>'.
src/services/whatsapp-audit.service.ts(372,40): error TS2339: Property 'whatsAppAudit' does not exist on type 'PrismaClient<{ log: ("warn" | "error")[]; }, "warn" | "error", DefaultArgs>'.
src/services/whatsapp-audit.service.ts(383,31): error TS2339: Property 'whatsAppAudit' does not exist on type 'PrismaClient<{ log: ("warn" | "error")[]; }, "warn" | "error", DefaultArgs>'.
src/services/whatsapp-audit.service.ts(393,38): error TS2339: Property 'whatsAppAudit' does not exist on type 'PrismaClient<{ log: ("warn" | "error")[]; }, "warn" | "error", DefaultArgs>'.
src/services/whatsapp-audit.service.ts(403,40): error TS2339: Property 'whatsAppAudit' does not exist on type 'PrismaClient<{ log: ("warn" | "error")[]; }, "warn" | "error", DefaultArgs>'.
src/services/whatsapp-audit.service.ts(413,39): error TS2339: Property 'whatsAppAudit' does not exist on type 'PrismaClient<{ log: ("warn" | "error")[]; }, "warn" | "error", DefaultArgs>'.
src/services/whatsapp-audit.service.ts(427,36): error TS2339: Property 'whatsAppAudit' does not exist on type 'PrismaClient<{ log: ("warn" | "error")[]; }, "warn" | "error", DefaultArgs>'.
src/services/whatsapp-audit.service.ts(475,37): error TS2339: Property 'whatsAppAudit' does not exist on type 'PrismaClient<{ log: ("warn" | "error")[]; }, "warn" | "error", DefaultArgs>'.
src/services/whatsapp-audit.service.ts(495,38): error TS2339: Property 'whatsAppAudit' does not exist on type 'PrismaClient<{ log: ("warn" | "error")[]; }, "warn" | "error", DefaultArgs>'.
src/services/whatsapp-audit.service.ts(524,38): error TS2339: Property 'whatsAppAudit' does not exist on type 'PrismaClient<{ log: ("warn" | "error")[]; }, "warn" | "error", DefaultArgs>'.
src/services/whatsapp-audit.service.ts(543,34): error TS2339: Property 'whatsAppAudit' does not exist on type 'PrismaClient<{ log: ("warn" | "error")[]; }, "warn" | "error", DefaultArgs>'.
src/services/whatsapp-audit.service.ts(574,31): error TS2339: Property 'whatsAppAudit' does not exist on type 'PrismaClient<{ log: ("warn" | "error")[]; }, "warn" | "error", DefaultArgs>'.
src/services/whatsapp-audit.service.ts(582,22): error TS2339: Property 'log' does not exist on type 'typeof import("/Users/lucamambelli/Desktop/Richiesta-Assistenza/backend/src/services/auditLog.service")'.
src/services/whatsapp-error-handler.service.ts(12,10): error TS2724: '"./auditLog.service"' has no exported member named 'auditService'. Did you mean 'auditLogService'?
src/services/whatsapp-error-handler.service.ts(417,11): error TS2353: Object literal may only specify known properties, and 'isActive' does not exist in type 'UserWhereInput'.
src/services/whatsapp-error-handler.service.ts(423,56): error TS2554: Expected 1 arguments, but got 2.
src/services/whatsapp-fix-detached.ts(6,35): error TS2307: Cannot find module '../src/services/wppconnect.service' or its corresponding type declarations.
src/services/whatsapp-instance.service.ts(15,18): error TS2339: Property 'systemConfiguration' does not exist on type 'PrismaClient<{ log: ("warn" | "error")[]; }, "warn" | "error", DefaultArgs>'.
src/services/whatsapp-instance.service.ts(40,33): error TS2339: Property 'systemConfiguration' does not exist on type 'PrismaClient<{ log: ("warn" | "error")[]; }, "warn" | "error", DefaultArgs>'.
src/services/whatsapp-instance.service.ts(61,18): error TS2339: Property 'systemConfiguration' does not exist on type 'PrismaClient<{ log: ("warn" | "error")[]; }, "warn" | "error", DefaultArgs>'.
src/services/whatsapp-instance.service.ts(77,18): error TS2339: Property 'systemConfiguration' does not exist on type 'PrismaClient<{ log: ("warn" | "error")[]; }, "warn" | "error", DefaultArgs>'.
src/services/whatsapp-instance.service.ts(92,20): error TS2339: Property 'systemConfiguration' does not exist on type 'PrismaClient<{ log: ("warn" | "error")[]; }, "warn" | "error", DefaultArgs>'.
src/services/whatsapp-manager.service.ts(193,21): error TS2339: Property 'connected' does not exist on type 'Promise<{ connected: boolean; qrCode: string; }>'.
src/services/whatsapp-manager.service.ts(196,29): error TS2339: Property 'connected' does not exist on type 'Promise<{ connected: boolean; qrCode: string; }>'.
src/services/whatsapp-manager.service.ts(201,48): error TS2339: Property 'connected' does not exist on type 'Promise<{ connected: boolean; qrCode: string; }>'.
src/services/whatsapp-manager.service.ts(215,30): error TS2339: Property 'connected' does not exist on type 'Promise<{ connected: boolean; qrCode: string; }>'.
src/services/whatsapp-manager.service.ts(216,27): error TS2339: Property 'qrCode' does not exist on type 'Promise<{ connected: boolean; qrCode: string; }>'.
src/services/whatsapp-media.service.ts(14,10): error TS2724: '"./auditLog.service"' has no exported member named 'auditService'. Did you mean 'auditLogService'?
src/services/whatsapp-media.service.ts(110,48): error TS1064: The return type of an async function or method must be the global Promise<T> type. Did you mean to write 'Promise<string>'?
src/services/whatsapp-polling.service.ts(35,33): error TS2339: Property 'systemConfiguration' does not exist on type 'PrismaClient<{ log: ("warn" | "error")[]; }, "warn" | "error", DefaultArgs>'.
src/services/whatsapp-polling.service.ts(62,18): error TS2339: Property 'systemConfiguration' does not exist on type 'PrismaClient<{ log: ("warn" | "error")[]; }, "warn" | "error", DefaultArgs>'.
src/services/whatsapp-polling.service.ts(210,18): error TS2353: Object literal may only specify known properties, and 'receivedAt' does not exist in type 'WhatsAppMessageOrderByWithRelationInput | WhatsAppMessageOrderByWithRelationInput[]'.
src/services/whatsapp-polling.service.ts(213,32): error TS2339: Property 'receivedAt' does not exist on type '{ id: string; messageId: string; phoneNumber: string; message: string; direction: string; status: string; senderName: string; timestamp: Date; from: string; to: string; author: string; type: string; ... 30 more ...; requestId: string; }'.
src/services/whatsapp-polling.service.ts(352,13): error TS2353: Object literal may only specify known properties, and 'metadata' does not exist in type 'WhatsAppMessageWhereInput'.
src/services/whatsapp-polling.service.ts(362,17): error TS2353: Object literal may only specify known properties, and 'receivedAt' does not exist in type 'WhatsAppMessageWhereInput'.
src/services/whatsapp-polling.service.ts(387,9): error TS2353: Object literal may only specify known properties, and 'receivedAt' does not exist in type '(Without<WhatsAppMessageCreateInput, WhatsAppMessageUncheckedCreateInput> & WhatsAppMessageUncheckedCreateInput) | (Without<...> & WhatsAppMessageCreateInput)'.
src/services/whatsapp-realtime.service.ts(16,10): error TS2724: '"./auditLog.service"' has no exported member named 'auditService'. Did you mean 'auditLogService'?
src/services/whatsapp-realtime.service.ts(283,11): error TS2322: Type 'string | Wid' is not assignable to type 'string'.
  Type 'Wid' is not assignable to type 'string'.
src/services/whatsapp-realtime.service.ts(291,30): error TS2339: Property 'isStarred' does not exist on type 'Message'.
src/services/whatsapp-realtime.service.ts(298,29): error TS2339: Property 'filename' does not exist on type 'Message'.
src/services/whatsapp-realtime.service.ts(300,29): error TS2339: Property 'lat' does not exist on type 'Message'.
src/services/whatsapp-realtime.service.ts(301,30): error TS2339: Property 'lng' does not exist on type 'Message'.
src/services/whatsapp-realtime.service.ts(302,33): error TS2339: Property 'loc' does not exist on type 'Message'.
src/services/whatsapp-realtime.service.ts(308,30): error TS2339: Property 'multicast' does not exist on type 'Message'.
src/services/whatsapp-realtime.service.ts(310,20): error TS2352: Conversion of type 'Message' to type 'InputJsonValue' may be a mistake because neither type sufficiently overlaps with the other. If this was intentional, convert the expression to 'unknown' first.
  Type 'Message' is not comparable to type 'InputJsonObject'.
    Index signature for type 'string' is missing in type 'Message'.
src/services/whatsapp-realtime.service.ts(337,11): error TS2353: Object literal may only specify known properties, and 'isActive' does not exist in type 'UserWhereInput'.
src/services/whatsapp-realtime.service.ts(379,11): error TS2353: Object literal may only specify known properties, and 'isActive' does not exist in type 'UserWhereInput'.
src/services/whatsapp-realtime.service.ts(402,56): error TS2554: Expected 1 arguments, but got 2.
src/services/whatsapp-realtime.service.ts(432,14): error TS2352: Conversion of type '{ phone: string; id: string; status: string; latitude: number; longitude: number; createdAt: Date; updatedAt: Date; address: string; city: string; province: string; postalCode: string; ... 51 more ...; referralCode: string; }' to type 'UserRecord' may be a mistake because neither type sufficiently overlaps with the other. If this was intentional, convert the expression to 'unknown' first.
  Property 'isActive' is missing in type '{ phone: string; id: string; status: string; latitude: number; longitude: number; createdAt: Date; updatedAt: Date; address: string; city: string; province: string; postalCode: string; ... 51 more ...; referralCode: string; }' but required in type 'UserRecord'.
src/services/whatsapp-realtime.service.ts(459,13): error TS2353: Object literal may only specify known properties, and 'senderId' does not exist in type '(Without<RequestChatMessageCreateInput, RequestChatMessageUncheckedCreateInput> & RequestChatMessageUncheckedCreateInput) | (Without<...> & RequestChatMessageCreateInput)'.
src/services/whatsapp-realtime.service.ts(469,76): error TS2554: Expected 1 arguments, but got 2.
src/services/whatsapp-realtime.service.ts(494,15): error TS2322: Type 'string' is not assignable to type 'Priority'.
src/services/whatsapp-realtime.service.ts(579,11): error TS2353: Object literal may only specify known properties, and 'isActive' does not exist in type 'UserWhereInput'.
src/services/whatsapp-realtime.service.ts(584,56): error TS2554: Expected 1 arguments, but got 2.
src/services/whatsapp-realtime.service.ts(656,11): error TS2353: Object literal may only specify known properties, and 'readAt' does not exist in type '(Without<WhatsAppMessageUpdateInput, WhatsAppMessageUncheckedUpdateInput> & WhatsAppMessageUncheckedUpdateInput) | (Without<...> & WhatsAppMessageUpdateInput)'.
src/services/whatsapp-template.service.ts(14,10): error TS2724: '"./auditLog.service"' has no exported member named 'auditService'. Did you mean 'auditLogService'?
src/services/whatsapp-template.service.ts(100,11): error TS2353: Object literal may only specify known properties, and 'content' does not exist in type '(Without<NotificationTemplateCreateInput, NotificationTemplateUncheckedCreateInput> & NotificationTemplateUncheckedCreateInput) | (Without<...> & NotificationTemplateCreateInput)'.
src/services/whatsapp-template.service.ts(132,41): error TS2352: Conversion of type '{ name: string; id: string; createdAt: Date; updatedAt: Date; description: string; priority: NotificationPriority; category: string; isActive: boolean; code: string; ... 10 more ...; isSystem: boolean; }' to type 'DbTemplate' may be a mistake because neither type sufficiently overlaps with the other. If this was intentional, convert the expression to 'unknown' first.
  Type '{ name: string; id: string; createdAt: Date; updatedAt: Date; description: string; priority: NotificationPriority; category: string; isActive: boolean; code: string; ... 10 more ...; isSystem: boolean; }' is missing the following properties from type 'DbTemplate': content, usageCount, metadata, deletedAt
src/services/whatsapp-template.service.ts(153,33): error TS2339: Property 'type' does not exist on type '{ name: string; id: string; createdAt: Date; updatedAt: Date; description: string; priority: NotificationPriority; category: string; isActive: boolean; code: string; ... 10 more ...; isSystem: boolean; }'.
src/services/whatsapp-template.service.ts(162,42): error TS2339: Property 'metadata' does not exist on type '{ name: string; id: string; createdAt: Date; updatedAt: Date; description: string; priority: NotificationPriority; category: string; isActive: boolean; code: string; ... 10 more ...; isSystem: boolean; }'.
src/services/whatsapp-template.service.ts(169,11): error TS2353: Object literal may only specify known properties, and 'content' does not exist in type '(Without<NotificationTemplateUpdateInput, NotificationTemplateUncheckedUpdateInput> & NotificationTemplateUncheckedUpdateInput) | (Without<...> & NotificationTemplateUpdateInput)'.
src/services/whatsapp-template.service.ts(169,48): error TS2339: Property 'content' does not exist on type '{ name: string; id: string; createdAt: Date; updatedAt: Date; description: string; priority: NotificationPriority; category: string; isActive: boolean; code: string; ... 10 more ...; isSystem: boolean; }'.
src/services/whatsapp-template.service.ts(199,41): error TS2352: Conversion of type '{ name: string; id: string; createdAt: Date; updatedAt: Date; description: string; priority: NotificationPriority; category: string; isActive: boolean; code: string; ... 10 more ...; isSystem: boolean; }' to type 'DbTemplate' may be a mistake because neither type sufficiently overlaps with the other. If this was intentional, convert the expression to 'unknown' first.
  Type '{ name: string; id: string; createdAt: Date; updatedAt: Date; description: string; priority: NotificationPriority; category: string; isActive: boolean; code: string; ... 10 more ...; isSystem: boolean; }' is missing the following properties from type 'DbTemplate': content, usageCount, metadata, deletedAt
src/services/whatsapp-template.service.ts(216,11): error TS2353: Object literal may only specify known properties, and 'type' does not exist in type 'NotificationTemplateWhereUniqueInput'.
src/services/whatsapp-template.service.ts(222,41): error TS2352: Conversion of type '{ name: string; id: string; createdAt: Date; updatedAt: Date; description: string; priority: NotificationPriority; category: string; isActive: boolean; code: string; ... 10 more ...; isSystem: boolean; }' to type 'DbTemplate' may be a mistake because neither type sufficiently overlaps with the other. If this was intentional, convert the expression to 'unknown' first.
  Type '{ name: string; id: string; createdAt: Date; updatedAt: Date; description: string; priority: NotificationPriority; category: string; isActive: boolean; code: string; ... 10 more ...; isSystem: boolean; }' is missing the following properties from type 'DbTemplate': content, usageCount, metadata, deletedAt
src/services/whatsapp-template.service.ts(261,30): error TS2339: Property 'metadata' does not exist on type '{ name: string; id: string; createdAt: Date; updatedAt: Date; description: string; priority: NotificationPriority; category: string; isActive: boolean; code: string; ... 10 more ...; isSystem: boolean; }'.
src/services/whatsapp-template.service.ts(267,59): error TS2352: Conversion of type '{ name: string; id: string; createdAt: Date; updatedAt: Date; description: string; priority: NotificationPriority; category: string; isActive: boolean; code: string; ... 10 more ...; isSystem: boolean; }' to type 'DbTemplate' may be a mistake because neither type sufficiently overlaps with the other. If this was intentional, convert the expression to 'unknown' first.
  Type '{ name: string; id: string; createdAt: Date; updatedAt: Date; description: string; priority: NotificationPriority; category: string; isActive: boolean; code: string; ... 10 more ...; isSystem: boolean; }' is missing the following properties from type 'DbTemplate': content, usageCount, metadata, deletedAt
src/services/whatsapp-template.service.ts(329,11): error TS2353: Object literal may only specify known properties, and 'metadata' does not exist in type '(Without<WhatsAppMessageCreateInput, WhatsAppMessageUncheckedCreateInput> & WhatsAppMessageUncheckedCreateInput) | (Without<...> & WhatsAppMessageCreateInput)'.
src/services/whatsapp-template.service.ts(506,11): error TS2353: Object literal may only specify known properties, and 'deletedAt' does not exist in type '(Without<NotificationTemplateUpdateInput, NotificationTemplateUncheckedUpdateInput> & NotificationTemplateUncheckedUpdateInput) | (Without<...> & NotificationTemplateUpdateInput)'.
src/services/whatsapp-template.service.ts(539,11): error TS2353: Object literal may only specify known properties, and 'type' does not exist in type 'NotificationTemplateWhereInput'.
src/services/whatsapp-template.service.ts(543,11): error TS2353: Object literal may only specify known properties, and 'usageCount' does not exist in type 'NotificationTemplateOrderByWithRelationInput | NotificationTemplateOrderByWithRelationInput[]'.
src/services/whatsapp-template.service.ts(548,60): error TS2352: Conversion of type '{ name: string; id: string; createdAt: Date; updatedAt: Date; description: string; priority: NotificationPriority; category: string; isActive: boolean; code: string; ... 10 more ...; isSystem: boolean; }' to type 'DbTemplate' may be a mistake because neither type sufficiently overlaps with the other. If this was intentional, convert the expression to 'unknown' first.
  Type '{ name: string; id: string; createdAt: Date; updatedAt: Date; description: string; priority: NotificationPriority; category: string; isActive: boolean; code: string; ... 10 more ...; isSystem: boolean; }' is missing the following properties from type 'DbTemplate': content, usageCount, metadata, deletedAt
src/services/whatsapp-template.service.ts(668,11): error TS2353: Object literal may only specify known properties, and 'usageCount' does not exist in type '(Without<NotificationTemplateUpdateInput, NotificationTemplateUncheckedUpdateInput> & NotificationTemplateUncheckedUpdateInput) | (Without<...> & NotificationTemplateUpdateInput)'.
src/services/whatsapp-template.service.ts(700,11): error TS2353: Object literal may only specify known properties, and 'isActive' does not exist in type 'UserWhereInput'.
src/services/whatsapp-template.service.ts(705,56): error TS2554: Expected 1 arguments, but got 2.
src/services/whatsapp-validation.service.ts(280,11): error TS2353: Object literal may only specify known properties, and 'lastValidation' does not exist in type '(Without<WhatsAppContactUpdateInput, WhatsAppContactUncheckedUpdateInput> & WhatsAppContactUncheckedUpdateInput) | (Without<...> & WhatsAppContactUpdateInput)'.
src/services/whatsapp-validation.service.ts(286,11): error TS2353: Object literal may only specify known properties, and 'hasWhatsApp' does not exist in type '(Without<WhatsAppContactCreateInput, WhatsAppContactUncheckedCreateInput> & WhatsAppContactUncheckedCreateInput) | (Without<...> & WhatsAppContactCreateInput)'.
src/services/whatsapp.service.ts(25,7): error TS2322: Type '{ key: string; value: string; type: string; label: string; description: string; category: string; }' is not assignable to type '(Without<SystemSettingCreateInput, SystemSettingUncheckedCreateInput> & SystemSettingUncheckedCreateInput) | (Without<...> & SystemSettingCreateInput)'.
  Type '{ key: string; value: string; type: string; label: string; description: string; category: string; }' is not assignable to type 'Without<SystemSettingUncheckedCreateInput, SystemSettingCreateInput> & SystemSettingCreateInput'.
    Type '{ key: string; value: string; type: string; label: string; description: string; category: string; }' is missing the following properties from type 'SystemSettingCreateInput': id, updatedAt
src/services/whatsapp.service.ts(255,9): error TS2353: Object literal may only specify known properties, and 'conversation' does not exist in type 'WhatsAppMessageInclude<DefaultArgs>'.
src/services/wppconnect.service.ts(311,27): error TS2304: Cannot find name 'create'.
src/services/wppconnect.service.ts(484,39): error TS2749: 'SocketState' refers to a value, but is being used as a type here. Did you mean 'typeof SocketState'?
src/services/wppconnect.service.ts(488,33): error TS2339: Property 'CONFLICT' does not exist on type '{ CONNECTED: string; }'.
src/services/wppconnect.service.ts(491,40): error TS2339: Property 'UNPAIRED' does not exist on type '{ CONNECTED: string; }'.
src/services/wppconnect.service.ts(499,40): error TS2551: Property 'DISCONNECTED' does not exist on type '{ CONNECTED: string; }'. Did you mean 'CONNECTED'?
src/test-prisma-models.ts(1,24): error TS2307: Cannot find module '../../config/database' or its corresponding type declarations.
src/types/travel.ts(26,18): error TS2430: Interface 'UserWithWorkAddress' incorrectly extends interface '{ phone: string; id: string; status: string; latitude: number; longitude: number; createdAt: Date; updatedAt: Date; address: string; city: string; province: string; postalCode: string; ... 51 more ...; referralCode: string; }'.
  Property 'workAddress' is optional in type 'UserWithWorkAddress' but required in type '{ phone: string; id: string; status: string; latitude: number; longitude: number; createdAt: Date; updatedAt: Date; address: string; city: string; province: string; postalCode: string; ... 51 more ...; referralCode: string; }'.
src/utils/createAuditLog.ts(20,27): error TS2339: Property 'create' does not exist on type 'AuditLogService'.
src/websocket/chat.websocket.ts(114,13): error TS2353: Object literal may only specify known properties, and 'recipientId' does not exist in type 'ChatMessageInput'.
src/websocket/chat.websocket.ts(252,36): error TS2304: Cannot find name 'userId'.
src/websocket/handlers/message.handler.ts(68,9): error TS2322: Type '{ content: string; senderId: string; recipientId: string; requestId: string; attachments: string[]; isRead: false; }' is not assignable to type '(Without<MessageCreateInput, MessageUncheckedCreateInput> & MessageUncheckedCreateInput) | (Without<...> & MessageCreateInput)'.
  Type '{ content: string; senderId: string; recipientId: string; requestId: string; attachments: string[]; isRead: false; }' is not assignable to type 'Without<MessageUncheckedCreateInput, MessageCreateInput> & MessageCreateInput'.
    Type '{ content: string; senderId: string; recipientId: string; requestId: string; attachments: string[]; isRead: false; }' is not assignable to type 'Without<MessageUncheckedCreateInput, MessageCreateInput>'.
      Types of property 'requestId' are incompatible.
        Type 'string' is not assignable to type 'never'.
src/websocket/handlers/message.handler.ts(107,31): error TS2551: Property 'sender' does not exist on type '{ id: string; createdAt: Date; requestId: string; attachments: JsonValue; content: string; deletedAt: Date; senderId: string; recipientId: string; isRead: boolean; readAt: Date; editedAt: Date; }'. Did you mean 'senderId'?
src/websocket/handlers/message.handler.ts(107,59): error TS2551: Property 'sender' does not exist on type '{ id: string; createdAt: Date; requestId: string; attachments: JsonValue; content: string; deletedAt: Date; senderId: string; recipientId: string; isRead: boolean; readAt: Date; editedAt: Date; }'. Did you mean 'senderId'?
src/websocket/handlers/message.handler.ts(111,36): error TS2551: Property 'sender' does not exist on type '{ id: string; createdAt: Date; requestId: string; attachments: JsonValue; content: string; deletedAt: Date; senderId: string; recipientId: string; isRead: boolean; readAt: Date; editedAt: Date; }'. Did you mean 'senderId'?
src/websocket/handlers/message.handler.ts(111,64): error TS2551: Property 'sender' does not exist on type '{ id: string; createdAt: Date; requestId: string; attachments: JsonValue; content: string; deletedAt: Date; senderId: string; recipientId: string; isRead: boolean; readAt: Date; editedAt: Date; }'. Did you mean 'senderId'?
src/websocket/handlers/message.handler.ts(335,11): error TS2353: Object literal may only specify known properties, and 'isDeleted' does not exist in type '(Without<MessageUpdateInput, MessageUncheckedUpdateInput> & MessageUncheckedUpdateInput) | (Without<...> & MessageUpdateInput)'.
src/websocket/handlers/message.handler.ts(363,22): error TS2304: Cannot find name 'userId'.
src/websocket/handlers/message.handler.ts(365,9): error TS2353: Object literal may only specify known properties, and 'isDeleted' does not exist in type 'MessageWhereInput'.
src/websocket/handlers/message.handler.ts(383,33): error TS2304: Cannot find name 'userId'.
src/websocket/handlers/message.handler.ts(396,31): error TS2304: Cannot find name 'userId'.
src/websocket/handlers/message.handler.ts(399,31): error TS2304: Cannot find name 'userId'.
src/websocket/handlers/message.handler.ts(399,62): error TS2304: Cannot find name 'userId'.
src/websocket/handlers/quote.handler.ts(100,11): error TS2322: Type '"pending" | "rejected" | "expired" | "draft" | "accepted"' is not assignable to type 'QuoteStatus | EnumQuoteStatusFieldUpdateOperationsInput'.
  Type '"pending"' is not assignable to type 'QuoteStatus | EnumQuoteStatusFieldUpdateOperationsInput'. Did you mean '"PENDING"'?
src/websocket/handlers/quote.handler.ts(127,13): error TS2820: Type '"assigned"' is not assignable to type 'RequestStatus | EnumRequestStatusFieldUpdateOperationsInput'. Did you mean '"ASSIGNED"'?
src/websocket/handlers/quote.handler.ts(178,11): error TS2353: Object literal may only specify known properties, and 'requestedBy' does not exist in type '(Without<QuoteRevisionCreateInput, QuoteRevisionUncheckedCreateInput> & QuoteRevisionUncheckedCreateInput) | (Without<...> & QuoteRevisionCreateInput)'.
src/websocket/handlers/request.handler.ts(57,12): error TS2339: Property 'leave' does not exist on type 'AuthenticatedSocket'.
src/websocket/handlers/request.handler.ts(91,11): error TS2322: Type 'string' is not assignable to type 'RequestStatus | EnumRequestStatusFieldUpdateOperationsInput'.
src/websocket/handlers/request.handler.ts(150,11): error TS2353: Object literal may only specify known properties, and 'recipientId' does not exist in type '(Without<RequestUpdateCreateInput, RequestUpdateUncheckedCreateInput> & RequestUpdateUncheckedCreateInput) | (Without<...> & RequestUpdateCreateInput)'.
src/websocket/socket.server.ts(255,38): error TS2339: Property 'request' does not exist on type 'PrismaClient<PrismaClientOptions, LogLevel, DefaultArgs>'.
src/websocket/socket.server.ts(283,27): error TS2339: Property 'initializeChat' does not exist on type 'ChatService'.
src/whatsapp-server.ts(3,10): error TS2614: Module '"./routes/whatsapp.routes"' has no exported member 'whatsappRouter'. Did you mean to use 'import whatsappRouter from "./routes/whatsapp.routes"' instead?
Build completed with errors
